Archive member included to satisfy reference by file (symbol)

examples/libexamples.a(OLED_1in3_C_test.c.obj)
                              CMakeFiles/main.dir/main.c.obj (OLED_1in3_C_test)
examples/libexamples.a(ImageData.c.obj)
                              examples/libexamples.a(OLED_1in3_C_test.c.obj) (Graphicx)
lib/OLED/libOLED.a(OLED_1in3_c.c.obj)
                              examples/libexamples.a(OLED_1in3_C_test.c.obj) (OLED_1in3_C_Init)
lib/GUI/libGUI.a(GUI_Paint.c.obj)
                              examples/libexamples.a(OLED_1in3_C_test.c.obj) (Paint_NewImage)
lib/Fonts/libFonts.a(font12.c.obj)
                              examples/libexamples.a(OLED_1in3_C_test.c.obj) (Font12)
lib/Config/libConfig.a(DEV_Config.c.obj)
                              lib/OLED/libOLED.a(OLED_1in3_c.c.obj) (DEV_Digital_Write)
/usr/lib/gcc/arm-none-eabi/10.3.1/thumb/v6-m/nofp/libgcc.a(_dvmd_tls.o)
                              CMakeFiles/main.dir/home/ghost/pico/pico-sdk/src/rp2_common/pico_divider/divider.S.obj (__aeabi_idiv0)
/usr/lib/gcc/arm-none-eabi/10.3.1/../../../arm-none-eabi/lib/thumb/v6-m/nofp/libg.a(lib_a-atexit.o)
                              /usr/lib/gcc/arm-none-eabi/10.3.1/../../../arm-none-eabi/lib/thumb/v6-m/nofp/crt0.o (atexit)
/usr/lib/gcc/arm-none-eabi/10.3.1/../../../arm-none-eabi/lib/thumb/v6-m/nofp/libg.a(lib_a-calloc.o)
                              CMakeFiles/main.dir/home/ghost/pico/pico-sdk/src/rp2_common/pico_malloc/pico_malloc.c.obj (calloc)
/usr/lib/gcc/arm-none-eabi/10.3.1/../../../arm-none-eabi/lib/thumb/v6-m/nofp/libg.a(lib_a-callocr.o)
                              /usr/lib/gcc/arm-none-eabi/10.3.1/../../../arm-none-eabi/lib/thumb/v6-m/nofp/libg.a(lib_a-calloc.o) (_calloc_r)
/usr/lib/gcc/arm-none-eabi/10.3.1/../../../arm-none-eabi/lib/thumb/v6-m/nofp/libg.a(lib_a-fini.o)
                              /usr/lib/gcc/arm-none-eabi/10.3.1/../../../arm-none-eabi/lib/thumb/v6-m/nofp/crt0.o (__libc_fini_array)
/usr/lib/gcc/arm-none-eabi/10.3.1/../../../arm-none-eabi/lib/thumb/v6-m/nofp/libg.a(lib_a-impure.o)
                              /usr/lib/gcc/arm-none-eabi/10.3.1/../../../arm-none-eabi/lib/thumb/v6-m/nofp/libg.a(lib_a-calloc.o) (_impure_ptr)
/usr/lib/gcc/arm-none-eabi/10.3.1/../../../arm-none-eabi/lib/thumb/v6-m/nofp/libg.a(lib_a-init.o)
                              /usr/lib/gcc/arm-none-eabi/10.3.1/../../../arm-none-eabi/lib/thumb/v6-m/nofp/crt0.o (__libc_init_array)
/usr/lib/gcc/arm-none-eabi/10.3.1/../../../arm-none-eabi/lib/thumb/v6-m/nofp/libg.a(lib_a-malloc.o)
                              CMakeFiles/main.dir/home/ghost/pico/pico-sdk/src/rp2_common/pico_malloc/pico_malloc.c.obj (malloc)
/usr/lib/gcc/arm-none-eabi/10.3.1/../../../arm-none-eabi/lib/thumb/v6-m/nofp/libg.a(lib_a-mallocr.o)
                              /usr/lib/gcc/arm-none-eabi/10.3.1/../../../arm-none-eabi/lib/thumb/v6-m/nofp/libg.a(lib_a-callocr.o) (_malloc_r)
/usr/lib/gcc/arm-none-eabi/10.3.1/../../../arm-none-eabi/lib/thumb/v6-m/nofp/libg.a(lib_a-mlock.o)
                              /usr/lib/gcc/arm-none-eabi/10.3.1/../../../arm-none-eabi/lib/thumb/v6-m/nofp/libg.a(lib_a-mallocr.o) (__malloc_lock)
/usr/lib/gcc/arm-none-eabi/10.3.1/../../../arm-none-eabi/lib/thumb/v6-m/nofp/libg.a(lib_a-realloc.o)
                              CMakeFiles/main.dir/home/ghost/pico/pico-sdk/src/rp2_common/pico_malloc/pico_malloc.c.obj (realloc)
/usr/lib/gcc/arm-none-eabi/10.3.1/../../../arm-none-eabi/lib/thumb/v6-m/nofp/libg.a(lib_a-reallocr.o)
                              /usr/lib/gcc/arm-none-eabi/10.3.1/../../../arm-none-eabi/lib/thumb/v6-m/nofp/libg.a(lib_a-realloc.o) (_realloc_r)
/usr/lib/gcc/arm-none-eabi/10.3.1/../../../arm-none-eabi/lib/thumb/v6-m/nofp/libg.a(lib_a-sbrkr.o)
                              /usr/lib/gcc/arm-none-eabi/10.3.1/../../../arm-none-eabi/lib/thumb/v6-m/nofp/libg.a(lib_a-mallocr.o) (_sbrk_r)
/usr/lib/gcc/arm-none-eabi/10.3.1/../../../arm-none-eabi/lib/thumb/v6-m/nofp/libg.a(lib_a-strlen-stub.o)
                              CMakeFiles/main.dir/home/ghost/pico/pico-sdk/src/rp2_common/pico_stdio/stdio.c.obj (strlen)
/usr/lib/gcc/arm-none-eabi/10.3.1/../../../arm-none-eabi/lib/thumb/v6-m/nofp/libg.a(lib_a-__atexit.o)
                              /usr/lib/gcc/arm-none-eabi/10.3.1/../../../arm-none-eabi/lib/thumb/v6-m/nofp/libg.a(lib_a-atexit.o) (__register_exitproc)
/usr/lib/gcc/arm-none-eabi/10.3.1/../../../arm-none-eabi/lib/thumb/v6-m/nofp/libg.a(lib_a-freer.o)
                              /usr/lib/gcc/arm-none-eabi/10.3.1/../../../arm-none-eabi/lib/thumb/v6-m/nofp/libg.a(lib_a-malloc.o) (_free_r)
/usr/lib/gcc/arm-none-eabi/10.3.1/../../../arm-none-eabi/lib/thumb/v6-m/nofp/libg.a(lib_a-memmove.o)
                              /usr/lib/gcc/arm-none-eabi/10.3.1/../../../arm-none-eabi/lib/thumb/v6-m/nofp/libg.a(lib_a-reallocr.o) (memmove)
/usr/lib/gcc/arm-none-eabi/10.3.1/../../../arm-none-eabi/lib/thumb/v6-m/nofp/libg.a(lib_a-reent.o)
[...]
Memory Configuration

Name             Origin             Length             Attributes
FLASH            0x0000000010000000 0x0000000000200000 xr
RAM              0x0000000020000000 0x0000000000040000 xrw
SCRATCH_X        0x0000000020040000 0x0000000000001000 xrw
SCRATCH_Y        0x0000000020041000 0x0000000000001000 xrw
*default*        0x0000000000000000 0xffffffffffffffff

Linker script and memory map

LOAD /usr/lib/gcc/arm-none-eabi/10.3.1/thumb/v6-m/nofp/crti.o
LOAD /usr/lib/gcc/arm-none-eabi/10.3.1/thumb/v6-m/nofp/crtbegin.o
LOAD /usr/lib/gcc/arm-none-eabi/10.3.1/../../../arm-none-eabi/lib/thumb/v6-m/nofp/crt0.o

.flash_begin    0x0000000010000000        0x0
                0x0000000010000000                __flash_binary_start = .

.boot2          0x0000000010000000      0x100
                0x0000000010000000                __boot2_start__ = .
 *(.boot2)
 .boot2         0x0000000010000000      0x100 /tmp/cczfRTRz.o
                0x0000000010000100                __boot2_end__ = .
                0x0000000000000001                ASSERT (((__boot2_end__ - __boot2_start__) == 0x100), ERROR: Pico second stage bootloader must be 256 bytes in size)

.text           0x0000000010000100     0x89e0
                0x0000000010000100                __logical_binary_start = .
 *(.vectors)
 .vectors       0x0000000010000100       0xd4 CMakeFiles/main.dir/home/ghost/pico/pico-sdk/src/rp2_common/pico_standard_link/crt0.S.obj
                0x0000000010000100                __vectors
                0x0000000010000100                __VECTOR_TABLE
                0x00000000100001c0                isr_invalid
                0x00000000100001c0                __default_isrs_start
                0x00000000100001c2                isr_nmi
                0x00000000100001c4                isr_hardfault
                0x00000000100001c6                isr_svcall
                0x00000000100001c8                isr_pendsv
                0x00000000100001ca                isr_systick
                0x00000000100001cc                isr_irq30
                0x00000000100001cc                __unhandled_user_irq
                0x00000000100001cc                isr_irq13
                0x00000000100001cc                isr_irq27
                0x00000000100001cc                isr_irq31
                0x00000000100001cc                isr_irq5
                0x00000000100001cc                isr_irq11
                0x00000000100001cc                isr_irq23
                0x00000000100001cc                isr_irq18
                0x00000000100001cc                isr_irq28
                0x00000000100001cc                isr_irq19
                0x00000000100001cc                isr_irq0
                0x00000000100001cc                isr_irq6
                0x00000000100001cc                isr_irq22
                0x00000000100001cc                isr_irq17
                0x00000000100001cc                isr_irq14
                0x00000000100001cc                isr_irq2
                0x00000000100001cc                isr_irq10
                0x00000000100001cc                isr_irq8
                0x00000000100001cc                isr_irq24
                0x00000000100001cc                isr_irq1
                0x00000000100001cc                isr_irq7
                0x00000000100001cc                isr_irq21
                0x00000000100001cc                isr_irq20
                0x00000000100001cc                isr_irq15
                0x00000000100001cc                isr_irq25
                0x00000000100001cc                isr_irq4
                0x00000000100001cc                isr_irq16
                0x00000000100001cc                isr_irq29
                0x00000000100001cc                isr_irq26
                0x00000000100001cc                __default_isrs_end
                0x00000000100001cc                isr_irq3
                0x00000000100001cc                isr_irq12
                0x00000000100001cc                isr_irq9
                0x00000000100001d2                unhandled_user_irq_num_in_r0
 *(.binary_info_header)
 .binary_info_header
                0x00000000100001d4       0x14 CMakeFiles/main.dir/home/ghost/pico/pico-sdk/src/rp2_common/pico_standard_link/crt0.S.obj
                0x00000000100001e8                __binary_info_header_end = .
 *(.reset)
 .reset         0x00000000100001e8       0xa0 CMakeFiles/main.dir/home/ghost/pico/pico-sdk/src/rp2_common/pico_standard_link/crt0.S.obj
                0x00000000100001e8                _entry_point
 .reset         0x0000000010000288       0x30 CMakeFiles/main.dir/home/ghost/pico/pico-sdk/src/rp2_common/pico_standard_link/binary_info.c.obj
 *(.init)
 .init          0x00000000100002b8        0x4 /usr/lib/gcc/arm-none-eabi/10.3.1/thumb/v6-m/nofp/crti.o
                0x00000000100002b8                _init
 *(EXCLUDE_FILE(*libm.a: *libc.a:*lib_a-mem*.o *libgcc.a:) .text*)
 .text          0x00000000100002bc       0x98 /usr/lib/gcc/arm-none-eabi/10.3.1/thumb/v6-m/nofp/crtbegin.o
 .text.main     0x0000000010000354        0xa CMakeFiles/main.dir/main.c.obj
                0x0000000010000354                main
 *fill*         0x000000001000035e        0x2 
 .text.gpio_set_function
                0x0000000010000360       0x30 CMakeFiles/main.dir/home/ghost/pico/pico-sdk/src/rp2_common/hardware_gpio/gpio.c.obj
                0x0000000010000360                gpio_set_function
 .text.gpio_set_pulls
                0x0000000010000390       0x34 CMakeFiles/main.dir/home/ghost/pico/pico-sdk/src/rp2_common/hardware_gpio/gpio.c.obj
                0x0000000010000390                gpio_set_pulls
 .text.gpio_init
                0x00000000100003c4       0x16 CMakeFiles/main.dir/home/ghost/pico/pico-sdk/src/rp2_common/hardware_gpio/gpio.c.obj
                0x00000000100003c4                gpio_init
 *fill*         0x00000000100003da        0x2 
 .text.running_on_fpga
                0x00000000100003dc       0x14 CMakeFiles/main.dir/home/ghost/pico/pico-sdk/src/rp2_common/pico_platform/platform.c.obj
                0x00000000100003dc                running_on_fpga
 .text.hw_claim_lock
                0x00000000100003f0       0x18 CMakeFiles/main.dir/home/ghost/pico/pico-sdk/src/rp2_common/hardware_claim/claim.c.obj
                0x00000000100003f0                hw_claim_lock
 .text.hw_claim_unlock
                0x0000000010000408       0x14 CMakeFiles/main.dir/home/ghost/pico/pico-sdk/src/rp2_common/hardware_claim/claim.c.obj
                0x0000000010000408                hw_claim_unlock
 .text.hw_claim_or_assert
                0x000000001000041c       0x32 CMakeFiles/main.dir/home/ghost/pico/pico-sdk/src/rp2_common/hardware_claim/claim.c.obj
                0x000000001000041c                hw_claim_or_assert
 .text.hw_claim_unused_from_range
                0x000000001000044e       0x50 CMakeFiles/main.dir/home/ghost/pico/pico-sdk/src/rp2_common/hardware_claim/claim.c.obj
                0x000000001000044e                hw_claim_unused_from_range
 *fill*         0x000000001000049e        0x2 
 .text.spin_locks_reset
                0x00000000100004a0       0x20 CMakeFiles/main.dir/home/ghost/pico/pico-sdk/src/rp2_common/hardware_sync/sync.c.obj
                0x00000000100004a0                spin_locks_reset
 .text.next_striped_spin_lock_num
                0x00000000100004c0       0x1c CMakeFiles/main.dir/home/ghost/pico/pico-sdk/src/rp2_common/hardware_sync/sync.c.obj
                0x00000000100004c0                next_striped_spin_lock_num
 .text.spin_lock_claim_unused
                0x00000000100004dc       0x20 CMakeFiles/main.dir/home/ghost/pico/pico-sdk/src/rp2_common/hardware_sync/sync.c.obj
                0x00000000100004dc                spin_lock_claim_unused
 .text.set_raw_irq_handler_and_unlock
                0x00000000100004fc       0x28 CMakeFiles/main.dir/home/ghost/pico/pico-sdk/src/rp2_common/hardware_irq/irq.c.obj
 .text.make_branch
                0x0000000010000524       0x48 CMakeFiles/main.dir/home/ghost/pico/pico-sdk/src/rp2_common/hardware_irq/irq.c.obj
 .text.insert_branch_and_link
                0x000000001000056c       0x40 CMakeFiles/main.dir/home/ghost/pico/pico-sdk/src/rp2_common/hardware_irq/irq.c.obj
 .text.irq_is_enabled
                0x00000000100005ac       0x18 CMakeFiles/main.dir/home/ghost/pico/pico-sdk/src/rp2_common/hardware_irq/irq.c.obj
                0x00000000100005ac                irq_is_enabled
 .text.irq_set_mask_enabled
                0x00000000100005c4       0x20 CMakeFiles/main.dir/home/ghost/pico/pico-sdk/src/rp2_common/hardware_irq/irq.c.obj
                0x00000000100005c4                irq_set_mask_enabled
 .text.irq_set_enabled
                0x00000000100005e4        0xe CMakeFiles/main.dir/home/ghost/pico/pico-sdk/src/rp2_common/hardware_irq/irq.c.obj
                0x00000000100005e4                irq_set_enabled
 *fill*         0x00000000100005f2        0x2 
 .text.irq_set_pending
                0x00000000100005f4       0x10 CMakeFiles/main.dir/home/ghost/pico/pico-sdk/src/rp2_common/hardware_irq/irq.c.obj
                0x00000000100005f4                irq_set_pending
 .text.irq_get_vtable_handler
                0x0000000010000604       0x10 CMakeFiles/main.dir/home/ghost/pico/pico-sdk/src/rp2_common/hardware_irq/irq.c.obj
                0x0000000010000604                irq_get_vtable_handler
 .text.irq_has_shared_handler
                0x0000000010000614       0x24 CMakeFiles/main.dir/home/ghost/pico/pico-sdk/src/rp2_common/hardware_irq/irq.c.obj
                0x0000000010000614                irq_has_shared_handler
 .text.irq_set_exclusive_handler
                0x0000000010000638       0x54 CMakeFiles/main.dir/home/ghost/pico/pico-sdk/src/rp2_common/hardware_irq/irq.c.obj
                0x0000000010000638                irq_set_exclusive_handler
 .text.irq_add_shared_handler
                0x000000001000068c      0x234 CMakeFiles/main.dir/home/ghost/pico/pico-sdk/src/rp2_common/hardware_irq/irq.c.obj
                0x000000001000068c                irq_add_shared_handler
 .text.irq_remove_handler
                0x00000000100008c0      0x1ac CMakeFiles/main.dir/home/ghost/pico/pico-sdk/src/rp2_common/hardware_irq/irq.c.obj
                0x00000000100008c0                irq_remove_handler
 .text.irq_add_tail_to_free_list
                0x0000000010000a6c       0xf0 CMakeFiles/main.dir/home/ghost/pico/pico-sdk/src/rp2_common/hardware_irq/irq.c.obj
                0x0000000010000a6c                irq_add_tail_to_free_list
 .text.irq_init_priorities
                0x0000000010000b5c       0x1c CMakeFiles/main.dir/home/ghost/pico/pico-sdk/src/rp2_common/hardware_irq/irq.c.obj
                0x0000000010000b5c                irq_init_priorities
 .text.user_irq_claim_unused
                0x0000000010000b78       0x28 CMakeFiles/main.dir/home/ghost/pico/pico-sdk/src/rp2_common/hardware_irq/irq.c.obj
                0x0000000010000b78                user_irq_claim_unused
 .text.lock_init
                0x0000000010000ba0       0x10 CMakeFiles/main.dir/home/ghost/pico/pico-sdk/src/common/pico_sync/lock_core.c.obj
                0x0000000010000ba0                lock_init
 .text.mutex_init
                0x0000000010000bb0       0x1a CMakeFiles/main.dir/home/ghost/pico/pico-sdk/src/common/pico_sync/mutex.c.obj
                0x0000000010000bb0                mutex_init
 .text.recursive_mutex_init
                0x0000000010000bca       0x1e CMakeFiles/main.dir/home/ghost/pico/pico-sdk/src/common/pico_sync/mutex.c.obj
                0x0000000010000bca                recursive_mutex_init
 .text.critical_section_init_with_lock_num
                0x0000000010000be8       0x14 CMakeFiles/main.dir/home/ghost/pico/pico-sdk/src/common/pico_sync/critical_section.c.obj
                0x0000000010000be8                critical_section_init_with_lock_num
 .text.critical_section_init
                0x0000000010000bfc       0x14 CMakeFiles/main.dir/home/ghost/pico/pico-sdk/src/common/pico_sync/critical_section.c.obj
                0x0000000010000bfc                critical_section_init
 .text.alarm_pool_post_alloc_init
                0x0000000010000c10       0x40 CMakeFiles/main.dir/home/ghost/pico/pico-sdk/src/common/pico_time/time.c.obj
 .text.sleep_until_callback
                0x0000000010000c50       0x30 CMakeFiles/main.dir/home/ghost/pico/pico-sdk/src/common/pico_time/time.c.obj
 .text.timer_pool_entry_comparator
                0x0000000010000c80       0x7c CMakeFiles/main.dir/home/ghost/pico/pico-sdk/src/common/pico_time/time.c.obj
                0x0000000010000c80                timer_pool_entry_comparator
 .text.ph_add_child_node
                0x0000000010000cfc       0xa4 CMakeFiles/main.dir/home/ghost/pico/pico-sdk/src/common/pico_time/time.c.obj
 .text.ph_merge_nodes
                0x0000000010000da0       0x3e CMakeFiles/main.dir/home/ghost/pico/pico-sdk/src/common/pico_time/time.c.obj
 *fill*         0x0000000010000dde        0x2 
 .text.add_alarm_under_lock
                0x0000000010000de0      0x174 CMakeFiles/main.dir/home/ghost/pico/pico-sdk/src/common/pico_time/time.c.obj
 .text.alarm_pool_alarm_callback
                0x0000000010000f54      0x33c CMakeFiles/main.dir/home/ghost/pico/pico-sdk/src/common/pico_time/time.c.obj
 .text.alarm_pool_init_default
                0x0000000010001290       0x40 CMakeFiles/main.dir/home/ghost/pico/pico-sdk/src/common/pico_time/time.c.obj
                0x0000000010001290                alarm_pool_init_default
 .text.alarm_pool_get_default
                0x00000000100012d0       0x2c CMakeFiles/main.dir/home/ghost/pico/pico-sdk/src/common/pico_time/time.c.obj
                0x00000000100012d0                alarm_pool_get_default
 .text.alarm_pool_add_alarm_at
                0x00000000100012fc      0x168 CMakeFiles/main.dir/home/ghost/pico/pico-sdk/src/common/pico_time/time.c.obj
                0x00000000100012fc                alarm_pool_add_alarm_at
 .text.alarm_pool_cancel_alarm
                0x0000000010001464       0xf0 CMakeFiles/main.dir/home/ghost/pico/pico-sdk/src/common/pico_time/time.c.obj
                0x0000000010001464                alarm_pool_cancel_alarm
 .text.alarm_pool_core_num
                0x0000000010001554        0x4 CMakeFiles/main.dir/home/ghost/pico/pico-sdk/src/common/pico_time/time.c.obj
                0x0000000010001554                alarm_pool_core_num
 .text.sleep_until
                0x0000000010001558       0xfc CMakeFiles/main.dir/home/ghost/pico/pico-sdk/src/common/pico_time/time.c.obj
                0x0000000010001558                sleep_until
 .text.sleep_us
                0x0000000010001654       0x58 CMakeFiles/main.dir/home/ghost/pico/pico-sdk/src/common/pico_time/time.c.obj
                0x0000000010001654                sleep_us
 .text.sleep_ms
                0x00000000100016ac       0x14 CMakeFiles/main.dir/home/ghost/pico/pico-sdk/src/common/pico_time/time.c.obj
                0x00000000100016ac                sleep_ms
 .text.best_effort_wfe_or_timeout
                0x00000000100016c0       0xac CMakeFiles/main.dir/home/ghost/pico/pico-sdk/src/common/pico_time/time.c.obj
                0x00000000100016c0                best_effort_wfe_or_timeout
 .text.hardware_alarm_irq_handler
                0x000000001000176c       0x90 CMakeFiles/main.dir/home/ghost/pico/pico-sdk/src/rp2_common/hardware_timer/timer.c.obj
 .text.hardware_alarm_claim
                0x00000000100017fc       0x18 CMakeFiles/main.dir/home/ghost/pico/pico-sdk/src/rp2_common/hardware_timer/timer.c.obj
                0x00000000100017fc                hardware_alarm_claim
 .text.time_us_64
                0x0000000010001814       0x18 CMakeFiles/main.dir/home/ghost/pico/pico-sdk/src/rp2_common/hardware_timer/timer.c.obj
                0x0000000010001814                time_us_64
 .text.busy_wait_until
                0x000000001000182c       0x28 CMakeFiles/main.dir/home/ghost/pico/pico-sdk/src/rp2_common/hardware_timer/timer.c.obj
                0x000000001000182c                busy_wait_until
 .text.hardware_alarm_set_callback
                0x0000000010001854       0x90 CMakeFiles/main.dir/home/ghost/pico/pico-sdk/src/rp2_common/hardware_timer/timer.c.obj
                0x0000000010001854                hardware_alarm_set_callback
 .text.hardware_alarm_set_target
                0x00000000100018e4       0xe8 CMakeFiles/main.dir/home/ghost/pico/pico-sdk/src/rp2_common/hardware_timer/timer.c.obj
                0x00000000100018e4                hardware_alarm_set_target
 .text.hardware_alarm_cancel
                0x00000000100019cc       0x40 CMakeFiles/main.dir/home/ghost/pico/pico-sdk/src/rp2_common/hardware_timer/timer.c.obj
                0x00000000100019cc                hardware_alarm_cancel
 .text.ph_add_child_node
                0x0000000010001a0c       0xa4 CMakeFiles/main.dir/home/ghost/pico/pico-sdk/src/common/pico_util/pheap.c.obj
 .text.ph_merge_nodes
                0x0000000010001ab0       0x3e CMakeFiles/main.dir/home/ghost/pico/pico-sdk/src/common/pico_util/pheap.c.obj
 *fill*         0x0000000010001aee        0x2 
 .text.ph_clear
                0x0000000010001af0       0x70 CMakeFiles/main.dir/home/ghost/pico/pico-sdk/src/common/pico_util/pheap.c.obj
                0x0000000010001af0                ph_clear
 .text.ph_post_alloc_init
                0x0000000010001b60        0xe CMakeFiles/main.dir/home/ghost/pico/pico-sdk/src/common/pico_util/pheap.c.obj
                0x0000000010001b60                ph_post_alloc_init
 *fill*         0x0000000010001b6e        0x2 
 .text.ph_merge_two_pass
                0x0000000010001b70       0xa8 CMakeFiles/main.dir/home/ghost/pico/pico-sdk/src/common/pico_util/pheap.c.obj
                0x0000000010001b70                ph_merge_two_pass
 .text.ph_remove_any_head
                0x0000000010001c18      0x128 CMakeFiles/main.dir/home/ghost/pico/pico-sdk/src/common/pico_util/pheap.c.obj
 .text.ph_remove_head
                0x0000000010001d40       0x14 CMakeFiles/main.dir/home/ghost/pico/pico-sdk/src/common/pico_util/pheap.c.obj
                0x0000000010001d40                ph_remove_head
 .text.ph_remove_and_free_node
                0x0000000010001d54       0xf8 CMakeFiles/main.dir/home/ghost/pico/pico-sdk/src/common/pico_util/pheap.c.obj
                0x0000000010001d54                ph_remove_and_free_node
 .text.uart_set_baudrate
                0x0000000010001e4c       0x5c CMakeFiles/main.dir/home/ghost/pico/pico-sdk/src/rp2_common/hardware_uart/uart.c.obj
                0x0000000010001e4c                uart_set_baudrate
 .text.uart_set_translate_crlf
                0x0000000010001ea8       0x28 CMakeFiles/main.dir/home/ghost/pico/pico-sdk/src/rp2_common/hardware_uart/uart.c.obj
                0x0000000010001ea8                uart_set_translate_crlf
 .text.uart_init
                0x0000000010001ed0       0x80 CMakeFiles/main.dir/home/ghost/pico/pico-sdk/src/rp2_common/hardware_uart/uart.c.obj
                0x0000000010001ed0                uart_init
 .text.clock_configure
                0x0000000010001f50      0x104 CMakeFiles/main.dir/home/ghost/pico/pico-sdk/src/rp2_common/hardware_clocks/clocks.c.obj
                0x0000000010001f50                clock_configure
 .text.clocks_init
                0x0000000010002054      0x100 CMakeFiles/main.dir/home/ghost/pico/pico-sdk/src/rp2_common/hardware_clocks/clocks.c.obj
                0x0000000010002054                clocks_init
 .text.clock_get_hz
                0x0000000010002154        0xc CMakeFiles/main.dir/home/ghost/pico/pico-sdk/src/rp2_common/hardware_clocks/clocks.c.obj
                0x0000000010002154                clock_get_hz
 .text.pll_init
                0x0000000010002160      0x12c CMakeFiles/main.dir/home/ghost/pico/pico-sdk/src/rp2_common/hardware_pll/pll.c.obj
                0x0000000010002160                pll_init
 .text.watchdog_start_tick
                0x000000001000228c       0x10 CMakeFiles/main.dir/home/ghost/pico/pico-sdk/src/rp2_common/hardware_watchdog/watchdog.c.obj
                0x000000001000228c                watchdog_start_tick
 .text.watchdog_update
                0x000000001000229c       0x14 CMakeFiles/main.dir/home/ghost/pico/pico-sdk/src/rp2_common/hardware_watchdog/watchdog.c.obj
                0x000000001000229c                watchdog_update
 .text._watchdog_enable
                0x00000000100022b0       0x78 CMakeFiles/main.dir/home/ghost/pico/pico-sdk/src/rp2_common/hardware_watchdog/watchdog.c.obj
                0x00000000100022b0                _watchdog_enable
 .text.watchdog_reboot
                0x0000000010002328       0x48 CMakeFiles/main.dir/home/ghost/pico/pico-sdk/src/rp2_common/hardware_watchdog/watchdog.c.obj
                0x0000000010002328                watchdog_reboot
 .text.xosc_init
                0x0000000010002370       0x28 CMakeFiles/main.dir/home/ghost/pico/pico-sdk/src/rp2_common/hardware_xosc/xosc.c.obj
                0x0000000010002370                xosc_init
 .text._exit    0x0000000010002398        0x4 CMakeFiles/main.dir/home/ghost/pico/pico-sdk/src/rp2_common/pico_runtime/runtime.c.obj
                0x0000000010002398                _exit
 .text._sbrk    0x000000001000239c       0x38 CMakeFiles/main.dir/home/ghost/pico/pico-sdk/src/rp2_common/pico_runtime/runtime.c.obj
                0x000000001000239c                _sbrk
 .text.exit     0x00000000100023d4        0x6 CMakeFiles/main.dir/home/ghost/pico/pico-sdk/src/rp2_common/pico_runtime/runtime.c.obj
                0x00000000100023d4                exit
 *fill*         0x00000000100023da        0x2 
 .text.__assert_func
                0x00000000100023dc       0x3c CMakeFiles/main.dir/home/ghost/pico/pico-sdk/src/rp2_common/pico_runtime/runtime.c.obj
                0x00000000100023dc                __assert_func
 .text.runtime_init
                0x0000000010002418       0xf8 CMakeFiles/main.dir/home/ghost/pico/pico-sdk/src/rp2_common/pico_runtime/runtime.c.obj
                0x0000000010002418                runtime_init
 .text.panic    0x0000000010002510       0x30 CMakeFiles/main.dir/home/ghost/pico/pico-sdk/src/rp2_common/pico_runtime/runtime.c.obj
                0x0000000010002510                panic
 .text._out_null
                0x0000000010002540        0x2 CMakeFiles/main.dir/home/ghost/pico/pico-sdk/src/rp2_common/pico_printf/printf.c.obj
 .text._out_fct
                0x0000000010002542        0xe CMakeFiles/main.dir/home/ghost/pico/pico-sdk/src/rp2_common/pico_printf/printf.c.obj
 .text._atoi    0x0000000010002550       0x24 CMakeFiles/main.dir/home/ghost/pico/pico-sdk/src/rp2_common/pico_printf/printf.c.obj
 .text._out_rev
                0x0000000010002574       0xae CMakeFiles/main.dir/home/ghost/pico/pico-sdk/src/rp2_common/pico_printf/printf.c.obj
 .text._ntoa_format
                0x0000000010002622      0x112 CMakeFiles/main.dir/home/ghost/pico/pico-sdk/src/rp2_common/pico_printf/printf.c.obj
 .text._ntoa_long
                0x0000000010002734       0xbc CMakeFiles/main.dir/home/ghost/pico/pico-sdk/src/rp2_common/pico_printf/printf.c.obj
 .text._ntoa_long_long
                0x00000000100027f0       0xe2 CMakeFiles/main.dir/home/ghost/pico/pico-sdk/src/rp2_common/pico_printf/printf.c.obj
 *fill*         0x00000000100028d2        0x2 
 .text._etoa    0x00000000100028d4      0x414 CMakeFiles/main.dir/home/ghost/pico/pico-sdk/src/rp2_common/pico_printf/printf.c.obj
 .text._ftoa    0x0000000010002ce8      0x354 CMakeFiles/main.dir/home/ghost/pico/pico-sdk/src/rp2_common/pico_printf/printf.c.obj
 .text._vsnprintf
                0x000000001000303c      0x624 CMakeFiles/main.dir/home/ghost/pico/pico-sdk/src/rp2_common/pico_printf/printf.c.obj
 .text.vfctprintf
                0x0000000010003660       0x20 CMakeFiles/main.dir/home/ghost/pico/pico-sdk/src/rp2_common/pico_printf/printf.c.obj
                0x0000000010003660                vfctprintf
 .text          0x0000000010003680       0x10 CMakeFiles/main.dir/home/ghost/pico/pico-sdk/src/rp2_common/pico_bit_ops/bit_ops_aeabi.S.obj
 .text.rom_func_lookup
                0x0000000010003690       0x10 CMakeFiles/main.dir/home/ghost/pico/pico-sdk/src/rp2_common/pico_bootrom/bootrom.c.obj
                0x0000000010003690                rom_func_lookup
 .text.rom_data_lookup
                0x00000000100036a0       0x10 CMakeFiles/main.dir/home/ghost/pico/pico-sdk/src/rp2_common/pico_bootrom/bootrom.c.obj
                0x00000000100036a0                rom_data_lookup
 .text.rom_funcs_lookup
                0x00000000100036b0       0x36 CMakeFiles/main.dir/home/ghost/pico/pico-sdk/src/rp2_common/pico_bootrom/bootrom.c.obj
                0x00000000100036b0                rom_funcs_lookup
 *fill*         0x00000000100036e6        0x2 
 .text.__wrap___aeabi_idiv
                0x00000000100036e8       0x50 CMakeFiles/main.dir/home/ghost/pico/pico-sdk/src/rp2_common/pico_divider/divider.S.obj
                0x00000000100036e8                __wrap___aeabi_idivmod
                0x00000000100036e8                divmod_s32s32
                0x00000000100036e8                div_s32s32
                0x00000000100036e8                __wrap___aeabi_idiv
                0x00000000100036f0                divmod_s32s32_unsafe
                0x000000001000371c                divmod_s32s32_savestate
 .text.__wrap___aeabi_uidiv
                0x0000000010003738       0x4c CMakeFiles/main.dir/home/ghost/pico/pico-sdk/src/rp2_common/pico_divider/divider.S.obj
                0x0000000010003738                __wrap___aeabi_uidiv
                0x0000000010003738                __wrap___aeabi_uidivmod
                0x0000000010003738                div_u32u32
                0x0000000010003738                divmod_u32u32
                0x0000000010003740                divmod_u32u32_unsafe
                0x0000000010003768                divmod_u32u32_savestate
 .text.__wrap___aeabi_ldiv
                0x0000000010003784      0x424 CMakeFiles/main.dir/home/ghost/pico/pico-sdk/src/rp2_common/pico_divider/divider.S.obj
                0x0000000010003784                div_s64s64
                0x0000000010003784                divmod_s64s64
                0x0000000010003784                __wrap___aeabi_ldivmod
                0x00000000100037b4                div_u64u64
                0x00000000100037b4                divmod_u64u64
                0x00000000100037b4                __wrap___aeabi_uldivmod
                0x00000000100037c4                divmod_u64u64_savestate
                0x00000000100037e4                divmod_s64s64_unsafe
                0x000000001000386c                divmod_u64u64_unsafe
 .text.__wrap___aeabi_darithmetic
                0x0000000010003ba8       0x80 CMakeFiles/main.dir/home/ghost/pico/pico-sdk/src/rp2_common/pico_double/double_aeabi.S.obj
                0x0000000010003ba8                __wrap___aeabi_drsub
                0x0000000010003bae                __wrap___aeabi_dsub
                0x0000000010003bc0                __wrap___aeabi_dadd
                0x0000000010003bd2                __wrap___aeabi_ddiv
                0x0000000010003c0e                __wrap___aeabi_dmul
 .text.__wrap___aeabi_cdcmple
                0x0000000010003c28       0x6c CMakeFiles/main.dir/home/ghost/pico/pico-sdk/src/rp2_common/pico_double/double_aeabi.S.obj
                0x0000000010003c28                __wrap___aeabi_cdrcmple
                0x0000000010003c38                __wrap___aeabi_cdcmple
                0x0000000010003c38                __wrap___aeabi_cdcmpeq
 .text.__wrap___aeabi_dcmplt
                0x0000000010003c94        0xc CMakeFiles/main.dir/home/ghost/pico/pico-sdk/src/rp2_common/pico_double/double_aeabi.S.obj
                0x0000000010003c94                __wrap___aeabi_dcmplt
 .text.__wrap___aeabi_dcmple
                0x0000000010003ca0       0x10 CMakeFiles/main.dir/home/ghost/pico/pico-sdk/src/rp2_common/pico_double/double_aeabi.S.obj
                0x0000000010003ca0                __wrap___aeabi_dcmple
 .text.__wrap___aeabi_dcmpge
                0x0000000010003cb0       0x10 CMakeFiles/main.dir/home/ghost/pico/pico-sdk/src/rp2_common/pico_double/double_aeabi.S.obj
                0x0000000010003cb0                __wrap___aeabi_dcmpge
 .text.__wrap___aeabi_dcmpgt
                0x0000000010003cc0        0xa CMakeFiles/main.dir/home/ghost/pico/pico-sdk/src/rp2_common/pico_double/double_aeabi.S.obj
                0x0000000010003cc0                __wrap___aeabi_dcmpgt
 .text.__wrap___aeabi_dcmpun
                0x0000000010003cca       0x1c CMakeFiles/main.dir/home/ghost/pico/pico-sdk/src/rp2_common/pico_double/double_aeabi.S.obj
                0x0000000010003cca                __wrap___aeabi_dcmpun
 *fill*         0x0000000010003ce6        0x2 
 .text.__wrap___aeabi_i2d
                0x0000000010003ce8       0x38 CMakeFiles/main.dir/home/ghost/pico/pico-sdk/src/rp2_common/pico_double/double_aeabi.S.obj
                0x0000000010003ce8                __wrap___aeabi_ui2d
                0x0000000010003cf0                __wrap___aeabi_i2d
 .text.__wrap___aeabi_d2iz
                0x0000000010003d20       0x48 CMakeFiles/main.dir/home/ghost/pico/pico-sdk/src/rp2_common/pico_double/double_aeabi.S.obj
                0x0000000010003d20                __wrap___aeabi_d2iz
                0x0000000010003d20                double2int_z
 .text.__wrap___aeabi_d2uiz
                0x0000000010003d68       0x18 CMakeFiles/main.dir/home/ghost/pico/pico-sdk/src/rp2_common/pico_double/double_aeabi.S.obj
                0x0000000010003d68                double2uint
                0x0000000010003d68                __wrap___aeabi_d2uiz
 .text.__aeabi_double_init
                0x0000000010003d80       0xc8 CMakeFiles/main.dir/home/ghost/pico/pico-sdk/src/rp2_common/pico_double/double_init_rom.c.obj
                0x0000000010003d80                __aeabi_double_init
 .text.double_table_shim_on_use_helper
                0x0000000010003e48       0x34 CMakeFiles/main.dir/home/ghost/pico/pico-sdk/src/rp2_common/pico_double/double_v1_rom_shim.S.obj
                0x0000000010003e48                double_table_shim_on_use_helper
 .text.__wrap___aeabi_dsub
                0x0000000010003e7c       0x10 CMakeFiles/main.dir/home/ghost/pico/pico-sdk/src/rp2_common/pico_double/double_v1_rom_shim.S.obj
                0x0000000010003e7c                drsub_shim
                0x0000000010003e82                dsub_shim
 .text.dadd_shim
                0x0000000010003e8c      0x15c CMakeFiles/main.dir/home/ghost/pico/pico-sdk/src/rp2_common/pico_double/double_v1_rom_shim.S.obj
                0x0000000010003e8c                dadd_shim
 .text.dmul_shim
                0x0000000010003fe8      0x15c CMakeFiles/main.dir/home/ghost/pico/pico-sdk/src/rp2_common/pico_double/double_v1_rom_shim.S.obj
                0x0000000010003fe8                dmul_shim
 .text.ddiv_shim
                0x0000000010004144      0x1b0 CMakeFiles/main.dir/home/ghost/pico/pico-sdk/src/rp2_common/pico_double/double_v1_rom_shim.S.obj
                0x0000000010004144                ddiv_shim
 .text.double2uint_shim
                0x00000000100042f4        0xe CMakeFiles/main.dir/home/ghost/pico/pico-sdk/src/rp2_common/pico_double/double_v1_rom_shim.S.obj
                0x00000000100042f4                double2uint_shim
                0x00000000100042f6                double2ufix_shim
 *fill*         0x0000000010004302        0x2 
 .text.double2uint64_shim
                0x0000000010004304       0x70 CMakeFiles/main.dir/home/ghost/pico/pico-sdk/src/rp2_common/pico_double/double_v1_rom_shim.S.obj
                0x0000000010004304                double2uint64_shim
                0x0000000010004306                double2ufix64_shim
                0x0000000010004326                d2fix_a
 .text.dunpacks
                0x0000000010004374       0x3c CMakeFiles/main.dir/home/ghost/pico/pico-sdk/src/rp2_common/pico_double/double_v1_rom_shim.S.obj
                0x0000000010004374                dunpacks
 .text.__aeabi_lmul
                0x00000000100043b0       0x32 CMakeFiles/main.dir/home/ghost/pico/pico-sdk/src/rp2_common/pico_int64_ops/pico_int64_ops_aeabi.S.obj
                0x00000000100043b0                __wrap___aeabi_lmul
 *fill*         0x00000000100043e2        0x2 
 .text.__aeabi_float_init
                0x00000000100043e4       0xfc CMakeFiles/main.dir/home/ghost/pico/pico-sdk/src/rp2_common/pico_float/float_init_rom.c.obj
                0x00000000100043e4                __aeabi_float_init
 .text.float_table_shim_on_use_helper
                0x00000000100044e0       0x34 CMakeFiles/main.dir/home/ghost/pico/pico-sdk/src/rp2_common/pico_float/float_v1_rom_shim.S.obj
                0x00000000100044e0                float_table_shim_on_use_helper
 .text.__wrap_malloc
                0x0000000010004514       0x24 CMakeFiles/main.dir/home/ghost/pico/pico-sdk/src/rp2_common/pico_malloc/pico_malloc.c.obj
                0x0000000010004514                __wrap_malloc
 .text          0x0000000010004538       0x10 CMakeFiles/main.dir/home/ghost/pico/pico-sdk/src/rp2_common/pico_mem_ops/mem_ops_aeabi.S.obj
                0x0000000010004538                __aeabi_mem_init
 .text.memset   0x0000000010004548        0xc CMakeFiles/main.dir/home/ghost/pico/pico-sdk/src/rp2_common/pico_mem_ops/mem_ops_aeabi.S.obj
                0x0000000010004548                __wrap_memset
 .text.memcpy   0x0000000010004554        0xc CMakeFiles/main.dir/home/ghost/pico/pico-sdk/src/rp2_common/pico_mem_ops/mem_ops_aeabi.S.obj
                0x0000000010004554                __wrap___aeabi_memcpy
                0x0000000010004554                __wrap_memcpy
 .text.stdio_out_chars_no_crlf
                0x0000000010004560        0xe CMakeFiles/main.dir/home/ghost/pico/pico-sdk/src/rp2_common/pico_stdio/stdio.c.obj
 *fill*         0x000000001000456e        0x2 
 .text.stdio_out_chars_crlf
                0x0000000010004570       0x80 CMakeFiles/main.dir/home/ghost/pico/pico-sdk/src/rp2_common/pico_stdio/stdio.c.obj
 .text.stdio_stack_buffer_flush
                0x00000000100045f0       0x44 CMakeFiles/main.dir/home/ghost/pico/pico-sdk/src/rp2_common/pico_stdio/stdio.c.obj
 .text.stdio_buffered_printer
                0x0000000010004634       0x20 CMakeFiles/main.dir/home/ghost/pico/pico-sdk/src/rp2_common/pico_stdio/stdio.c.obj
 .text.stdout_serialize_begin
                0x0000000010004654       0x5c CMakeFiles/main.dir/home/ghost/pico/pico-sdk/src/rp2_common/pico_stdio/stdio.c.obj
                0x0000000010004654                stdout_serialize_begin
 .text.stdout_serialize_end
                0x00000000100046b0       0x10 CMakeFiles/main.dir/home/ghost/pico/pico-sdk/src/rp2_common/pico_stdio/stdio.c.obj
                0x00000000100046b0                stdout_serialize_end
 .text.stdio_put_string
                0x00000000100046c0       0x98 CMakeFiles/main.dir/home/ghost/pico/pico-sdk/src/rp2_common/pico_stdio/stdio.c.obj
 .text.stdio_set_driver_enabled
                0x0000000010004758       0x2c CMakeFiles/main.dir/home/ghost/pico/pico-sdk/src/rp2_common/pico_stdio/stdio.c.obj
                0x0000000010004758                stdio_set_driver_enabled
 .text.stdio_flush
                0x0000000010004784       0x20 CMakeFiles/main.dir/home/ghost/pico/pico-sdk/src/rp2_common/pico_stdio/stdio.c.obj
                0x0000000010004784                stdio_flush
 .text.__wrap_puts
                0x00000000100047a4       0x1e CMakeFiles/main.dir/home/ghost/pico/pico-sdk/src/rp2_common/pico_stdio/stdio.c.obj
                0x00000000100047a4                __wrap_puts
 *fill*         0x00000000100047c2        0x2 
 .text.__wrap_vprintf
                0x00000000100047c4       0x40 CMakeFiles/main.dir/home/ghost/pico/pico-sdk/src/rp2_common/pico_stdio/stdio.c.obj
                0x00000000100047c4                __wrap_vprintf
 .text.__wrap_printf
                0x0000000010004804       0x18 CMakeFiles/main.dir/home/ghost/pico/pico-sdk/src/rp2_common/pico_stdio/stdio.c.obj
                0x0000000010004804                __wrap_printf
 .text.stdio_init_all
                0x000000001000481c        0xe CMakeFiles/main.dir/home/ghost/pico/pico-sdk/src/rp2_common/pico_stdio/stdio.c.obj
                0x000000001000481c                stdio_init_all
 *fill*         0x000000001000482a        0x2 
 .text.stdio_uart_out_chars
                0x000000001000482c       0x74 CMakeFiles/main.dir/home/ghost/pico/pico-sdk/src/rp2_common/pico_stdio_uart/stdio_uart.c.obj
 .text.stdio_uart_in_chars
                0x00000000100048a0       0x80 CMakeFiles/main.dir/home/ghost/pico/pico-sdk/src/rp2_common/pico_stdio_uart/stdio_uart.c.obj
                0x00000000100048a0                stdio_uart_in_chars
 .text.on_uart_rx
                0x0000000010004920       0x28 CMakeFiles/main.dir/home/ghost/pico/pico-sdk/src/rp2_common/pico_stdio_uart/stdio_uart.c.obj
 .text.stdio_uart_set_chars_available_callback
                0x0000000010004948       0x8c CMakeFiles/main.dir/home/ghost/pico/pico-sdk/src/rp2_common/pico_stdio_uart/stdio_uart.c.obj
 .text.stdio_uart_init_full
                0x00000000100049d4       0x44 CMakeFiles/main.dir/home/ghost/pico/pico-sdk/src/rp2_common/pico_stdio_uart/stdio_uart.c.obj
                0x00000000100049d4                stdio_uart_init_full
 .text.stdio_uart_init
                0x0000000010004a18       0x28 CMakeFiles/main.dir/home/ghost/pico/pico-sdk/src/rp2_common/pico_stdio_uart/stdio_uart.c.obj
                0x0000000010004a18                stdio_uart_init
 .text.resetd_init
                0x0000000010004a40        0x2 CMakeFiles/main.dir/home/ghost/pico/pico-sdk/src/rp2_common/pico_stdio_usb/reset_interface.c.obj
 *fill*         0x0000000010004a42        0x2 
 .text.resetd_reset
                0x0000000010004a44        0xc CMakeFiles/main.dir/home/ghost/pico/pico-sdk/src/rp2_common/pico_stdio_usb/reset_interface.c.obj
 .text.resetd_open
                0x0000000010004a50       0x34 CMakeFiles/main.dir/home/ghost/pico/pico-sdk/src/rp2_common/pico_stdio_usb/reset_interface.c.obj
 .text.resetd_xfer_cb
                0x0000000010004a84        0x4 CMakeFiles/main.dir/home/ghost/pico/pico-sdk/src/rp2_common/pico_stdio_usb/reset_interface.c.obj
 .text.reset_usb_boot
                0x0000000010004a88       0x18 CMakeFiles/main.dir/home/ghost/pico/pico-sdk/src/rp2_common/pico_stdio_usb/reset_interface.c.obj
 .text.resetd_control_xfer_cb
                0x0000000010004aa0       0x5c CMakeFiles/main.dir/home/ghost/pico/pico-sdk/src/rp2_common/pico_stdio_usb/reset_interface.c.obj
 .text.usbd_app_driver_get_cb
                0x0000000010004afc        0xc CMakeFiles/main.dir/home/ghost/pico/pico-sdk/src/rp2_common/pico_stdio_usb/reset_interface.c.obj
                0x0000000010004afc                usbd_app_driver_get_cb
 .text.tud_cdc_line_coding_cb
                0x0000000010004b08       0x28 CMakeFiles/main.dir/home/ghost/pico/pico-sdk/src/rp2_common/pico_stdio_usb/reset_interface.c.obj
                0x0000000010004b08                tud_cdc_line_coding_cb
 .text.stdio_usb_set_chars_available_callback
                0x0000000010004b30       0x14 CMakeFiles/main.dir/home/ghost/pico/pico-sdk/src/rp2_common/pico_stdio_usb/stdio_usb.c.obj
                0x0000000010004b30                stdio_usb_set_chars_available_callback
 .text.usb_irq  0x0000000010004b44       0x10 CMakeFiles/main.dir/home/ghost/pico/pico-sdk/src/rp2_common/pico_stdio_usb/stdio_usb.c.obj
 .text.timer_task
                0x0000000010004b54       0x58 CMakeFiles/main.dir/home/ghost/pico/pico-sdk/src/rp2_common/pico_stdio_usb/stdio_usb.c.obj
 .text.low_priority_worker_irq
                0x0000000010004bac       0xd8 CMakeFiles/main.dir/home/ghost/pico/pico-sdk/src/rp2_common/pico_stdio_usb/stdio_usb.c.obj
 .text.tud_cdc_rx_cb
                0x0000000010004c84       0x20 CMakeFiles/main.dir/home/ghost/pico/pico-sdk/src/rp2_common/pico_stdio_usb/stdio_usb.c.obj
                0x0000000010004c84                tud_cdc_rx_cb
 .text.stdio_usb_init
                0x0000000010004ca4      0x12c CMakeFiles/main.dir/home/ghost/pico/pico-sdk/src/rp2_common/pico_stdio_usb/stdio_usb.c.obj
                0x0000000010004ca4                stdio_usb_init
 .text.stdio_usb_connected
                0x0000000010004dd0        0xa CMakeFiles/main.dir/home/ghost/pico/pico-sdk/src/rp2_common/pico_stdio_usb/stdio_usb.c.obj
                0x0000000010004dd0                stdio_usb_connected
 *fill*         0x0000000010004dda        0x2 
 .text.stdio_usb_in_chars
                0x0000000010004ddc       0xc4 CMakeFiles/main.dir/home/ghost/pico/pico-sdk/src/rp2_common/pico_stdio_usb/stdio_usb.c.obj
                0x0000000010004ddc                stdio_usb_in_chars
 .text.stdio_usb_out_chars
                0x0000000010004ea0      0x114 CMakeFiles/main.dir/home/ghost/pico/pico-sdk/src/rp2_common/pico_stdio_usb/stdio_usb.c.obj
 .text.tud_descriptor_device_cb
                0x0000000010004fb4        0x8 CMakeFiles/main.dir/home/ghost/pico/pico-sdk/src/rp2_common/pico_stdio_usb/stdio_usb_descriptors.c.obj
                0x0000000010004fb4                tud_descriptor_device_cb
 .text.tud_descriptor_configuration_cb
                0x0000000010004fbc        0x8 CMakeFiles/main.dir/home/ghost/pico/pico-sdk/src/rp2_common/pico_stdio_usb/stdio_usb_descriptors.c.obj
                0x0000000010004fbc                tud_descriptor_configuration_cb
 .text.tud_descriptor_string_cb
                0x0000000010004fc4       0x6c CMakeFiles/main.dir/home/ghost/pico/pico-sdk/src/rp2_common/pico_stdio_usb/stdio_usb_descriptors.c.obj
                0x0000000010004fc4                tud_descriptor_string_cb
 .text._retrieve_unique_id_on_boot
                0x0000000010005030       0x10 CMakeFiles/main.dir/home/ghost/pico/pico-sdk/src/rp2_common/pico_unique_id/unique_id.c.obj
 .text.pico_get_unique_board_id_string
                0x0000000010005040       0x60 CMakeFiles/main.dir/home/ghost/pico/pico-sdk/src/rp2_common/pico_unique_id/unique_id.c.obj
                0x0000000010005040                pico_get_unique_board_id_string
 .text.flash_get_unique_id
                0x00000000100050a0       0x46 CMakeFiles/main.dir/home/ghost/pico/pico-sdk/src/rp2_common/hardware_flash/flash.c.obj
                0x00000000100050a0                flash_get_unique_id
 *fill*         0x00000000100050e6        0x2 
 .text.hw_endpoint_get_by_addr
                0x00000000100050e8       0x18 CMakeFiles/main.dir/home/ghost/pico/pico-sdk/lib/tinyusb/src/portable/raspberrypi/rp2040/dcd_rp2040.c.obj
 .text._hw_endpoint_alloc
                0x0000000010005100       0x70 CMakeFiles/main.dir/home/ghost/pico/pico-sdk/lib/tinyusb/src/portable/raspberrypi/rp2040/dcd_rp2040.c.obj
 .text.hw_endpoint_init
                0x0000000010005170       0x88 CMakeFiles/main.dir/home/ghost/pico/pico-sdk/lib/tinyusb/src/portable/raspberrypi/rp2040/dcd_rp2040.c.obj
 .text.hw_endpoint_xfer
                0x00000000100051f8       0x14 CMakeFiles/main.dir/home/ghost/pico/pico-sdk/lib/tinyusb/src/portable/raspberrypi/rp2040/dcd_rp2040.c.obj
 .text.dcd_int_enable
                0x000000001000520c       0x2c CMakeFiles/main.dir/home/ghost/pico/pico-sdk/lib/tinyusb/src/portable/raspberrypi/rp2040/dcd_rp2040.c.obj
                0x000000001000520c                dcd_int_enable
 .text.dcd_set_address
                0x0000000010005238       0x2c CMakeFiles/main.dir/home/ghost/pico/pico-sdk/lib/tinyusb/src/portable/raspberrypi/rp2040/dcd_rp2040.c.obj
                0x0000000010005238                dcd_set_address
 .text.dcd_connect
                0x0000000010005264       0x10 CMakeFiles/main.dir/home/ghost/pico/pico-sdk/lib/tinyusb/src/portable/raspberrypi/rp2040/dcd_rp2040.c.obj
                0x0000000010005264                dcd_connect
 .text.dcd_init
                0x0000000010005274       0x80 CMakeFiles/main.dir/home/ghost/pico/pico-sdk/lib/tinyusb/src/portable/raspberrypi/rp2040/dcd_rp2040.c.obj
                0x0000000010005274                dcd_init
 .text.dcd_edpt0_status_complete
                0x00000000100052f4       0x1c CMakeFiles/main.dir/home/ghost/pico/pico-sdk/lib/tinyusb/src/portable/raspberrypi/rp2040/dcd_rp2040.c.obj
                0x00000000100052f4                dcd_edpt0_status_complete
 .text.dcd_edpt_open
                0x0000000010005310       0x40 CMakeFiles/main.dir/home/ghost/pico/pico-sdk/lib/tinyusb/src/portable/raspberrypi/rp2040/dcd_rp2040.c.obj
                0x0000000010005310                dcd_edpt_open
 .text.dcd_edpt_close_all
                0x0000000010005350        0x8 CMakeFiles/main.dir/home/ghost/pico/pico-sdk/lib/tinyusb/src/portable/raspberrypi/rp2040/dcd_rp2040.c.obj
                0x0000000010005350                dcd_edpt_close_all
 .text.dcd_edpt_xfer
                0x0000000010005358       0x34 CMakeFiles/main.dir/home/ghost/pico/pico-sdk/lib/tinyusb/src/portable/raspberrypi/rp2040/dcd_rp2040.c.obj
                0x0000000010005358                dcd_edpt_xfer
 .text.dcd_edpt_stall
                0x000000001000538c       0x2c CMakeFiles/main.dir/home/ghost/pico/pico-sdk/lib/tinyusb/src/portable/raspberrypi/rp2040/dcd_rp2040.c.obj
                0x000000001000538c                dcd_edpt_stall
 .text.dcd_edpt_clear_stall
                0x00000000100053b8       0x20 CMakeFiles/main.dir/home/ghost/pico/pico-sdk/lib/tinyusb/src/portable/raspberrypi/rp2040/dcd_rp2040.c.obj
                0x00000000100053b8                dcd_edpt_clear_stall
 .text.rp2040_usb_init
                0x00000000100053d8       0x4c CMakeFiles/main.dir/home/ghost/pico/pico-sdk/lib/tinyusb/src/portable/raspberrypi/rp2040/rp2040_usb.c.obj
                0x00000000100053d8                rp2040_usb_init
 .text.hw_endpoint_xfer_start
                0x0000000010005424       0x50 CMakeFiles/main.dir/home/ghost/pico/pico-sdk/lib/tinyusb/src/portable/raspberrypi/rp2040/rp2040_usb.c.obj
                0x0000000010005424                hw_endpoint_xfer_start
 .text.configuration_reset
                0x0000000010005474       0x84 CMakeFiles/main.dir/home/ghost/pico/pico-sdk/lib/tinyusb/src/device/usbd.c.obj
 .text.usbd_reset
                0x00000000100054f8        0xc CMakeFiles/main.dir/home/ghost/pico/pico-sdk/lib/tinyusb/src/device/usbd.c.obj
 .text.invoke_class_control
                0x0000000010005504       0x1a CMakeFiles/main.dir/home/ghost/pico/pico-sdk/lib/tinyusb/src/device/usbd.c.obj
 *fill*         0x000000001000551e        0x2 
 .text.process_set_config
                0x0000000010005520      0x178 CMakeFiles/main.dir/home/ghost/pico/pico-sdk/lib/tinyusb/src/device/usbd.c.obj
 .text.process_get_descriptor
                0x0000000010005698       0xdc CMakeFiles/main.dir/home/ghost/pico/pico-sdk/lib/tinyusb/src/device/usbd.c.obj
 .text.tud_mounted
                0x0000000010005774       0x10 CMakeFiles/main.dir/home/ghost/pico/pico-sdk/lib/tinyusb/src/device/usbd.c.obj
                0x0000000010005774                tud_mounted
 .text.tud_suspended
                0x0000000010005784       0x10 CMakeFiles/main.dir/home/ghost/pico/pico-sdk/lib/tinyusb/src/device/usbd.c.obj
                0x0000000010005784                tud_suspended
 .text.tud_inited
                0x0000000010005794       0x14 CMakeFiles/main.dir/home/ghost/pico/pico-sdk/lib/tinyusb/src/device/usbd.c.obj
                0x0000000010005794                tud_inited
 .text.tud_init
                0x00000000100057a8       0xcc CMakeFiles/main.dir/home/ghost/pico/pico-sdk/lib/tinyusb/src/device/usbd.c.obj
                0x00000000100057a8                tud_init
 .text.usbd_defer_func
                0x0000000010005874       0x2a CMakeFiles/main.dir/home/ghost/pico/pico-sdk/lib/tinyusb/src/device/usbd.c.obj
                0x0000000010005874                usbd_defer_func
 *fill*         0x000000001000589e        0x2 
 .text.usbd_edpt_open
                0x00000000100058a0       0x34 CMakeFiles/main.dir/home/ghost/pico/pico-sdk/lib/tinyusb/src/device/usbd.c.obj
                0x00000000100058a0                usbd_edpt_open
 .text.usbd_open_edpt_pair
                0x00000000100058d4       0x62 CMakeFiles/main.dir/home/ghost/pico/pico-sdk/lib/tinyusb/src/device/usbd.c.obj
                0x00000000100058d4                usbd_open_edpt_pair
 *fill*         0x0000000010005936        0x2 
 .text.usbd_edpt_claim
                0x0000000010005938       0x28 CMakeFiles/main.dir/home/ghost/pico/pico-sdk/lib/tinyusb/src/device/usbd.c.obj
                0x0000000010005938                usbd_edpt_claim
 .text.usbd_edpt_release
                0x0000000010005960       0x28 CMakeFiles/main.dir/home/ghost/pico/pico-sdk/lib/tinyusb/src/device/usbd.c.obj
                0x0000000010005960                usbd_edpt_release
 .text.usbd_edpt_xfer
                0x0000000010005988       0x78 CMakeFiles/main.dir/home/ghost/pico/pico-sdk/lib/tinyusb/src/device/usbd.c.obj
                0x0000000010005988                usbd_edpt_xfer
 .text.usbd_edpt_stall
                0x0000000010005a00       0x48 CMakeFiles/main.dir/home/ghost/pico/pico-sdk/lib/tinyusb/src/device/usbd.c.obj
                0x0000000010005a00                usbd_edpt_stall
 .text.usbd_edpt_clear_stall
                0x0000000010005a48       0x48 CMakeFiles/main.dir/home/ghost/pico/pico-sdk/lib/tinyusb/src/device/usbd.c.obj
                0x0000000010005a48                usbd_edpt_clear_stall
 .text.usbd_edpt_stalled
                0x0000000010005a90       0x1c CMakeFiles/main.dir/home/ghost/pico/pico-sdk/lib/tinyusb/src/device/usbd.c.obj
                0x0000000010005a90                usbd_edpt_stalled
 .text.process_control_request
                0x0000000010005aac      0x37c CMakeFiles/main.dir/home/ghost/pico/pico-sdk/lib/tinyusb/src/device/usbd.c.obj
 .text.tud_task_ext
                0x0000000010005e28      0x1b4 CMakeFiles/main.dir/home/ghost/pico/pico-sdk/lib/tinyusb/src/device/usbd.c.obj
                0x0000000010005e28                tud_task_ext
 .text._data_stage_xact
                0x0000000010005fdc       0x58 CMakeFiles/main.dir/home/ghost/pico/pico-sdk/lib/tinyusb/src/device/usbd_control.c.obj
 .text.tud_control_status
                0x0000000010006034       0x38 CMakeFiles/main.dir/home/ghost/pico/pico-sdk/lib/tinyusb/src/device/usbd_control.c.obj
                0x0000000010006034                tud_control_status
 .text.tud_control_xfer
                0x000000001000606c       0x74 CMakeFiles/main.dir/home/ghost/pico/pico-sdk/lib/tinyusb/src/device/usbd_control.c.obj
                0x000000001000606c                tud_control_xfer
 .text.usbd_control_reset
                0x00000000100060e0       0x14 CMakeFiles/main.dir/home/ghost/pico/pico-sdk/lib/tinyusb/src/device/usbd_control.c.obj
                0x00000000100060e0                usbd_control_reset
 .text.usbd_control_set_complete_callback
                0x00000000100060f4        0xc CMakeFiles/main.dir/home/ghost/pico/pico-sdk/lib/tinyusb/src/device/usbd_control.c.obj
                0x00000000100060f4                usbd_control_set_complete_callback
 .text.usbd_control_set_request
                0x0000000010006100       0x1c CMakeFiles/main.dir/home/ghost/pico/pico-sdk/lib/tinyusb/src/device/usbd_control.c.obj
                0x0000000010006100                usbd_control_set_request
 .text.usbd_control_xfer_cb
                0x000000001000611c       0xcc CMakeFiles/main.dir/home/ghost/pico/pico-sdk/lib/tinyusb/src/device/usbd_control.c.obj
                0x000000001000611c                usbd_control_xfer_cb
 .text._prep_out_transaction
                0x00000000100061e8       0x4a CMakeFiles/main.dir/home/ghost/pico/pico-sdk/lib/tinyusb/src/class/cdc/cdc_device.c.obj
 *fill*         0x0000000010006232        0x2 
 .text.tud_cdc_n_connected
                0x0000000010006234       0x44 CMakeFiles/main.dir/home/ghost/pico/pico-sdk/lib/tinyusb/src/class/cdc/cdc_device.c.obj
                0x0000000010006234                tud_cdc_n_connected
 .text.tud_cdc_n_available
                0x0000000010006278       0x18 CMakeFiles/main.dir/home/ghost/pico/pico-sdk/lib/tinyusb/src/class/cdc/cdc_device.c.obj
                0x0000000010006278                tud_cdc_n_available
 .text.tud_cdc_n_read
                0x0000000010006290       0x28 CMakeFiles/main.dir/home/ghost/pico/pico-sdk/lib/tinyusb/src/class/cdc/cdc_device.c.obj
                0x0000000010006290                tud_cdc_n_read
 .text.tud_cdc_n_write_flush
                0x00000000100062b8       0xb8 CMakeFiles/main.dir/home/ghost/pico/pico-sdk/lib/tinyusb/src/class/cdc/cdc_device.c.obj
                0x00000000100062b8                tud_cdc_n_write_flush
 .text.tud_cdc_n_write
                0x0000000010006370       0x38 CMakeFiles/main.dir/home/ghost/pico/pico-sdk/lib/tinyusb/src/class/cdc/cdc_device.c.obj
                0x0000000010006370                tud_cdc_n_write
 .text.tud_cdc_n_write_available
                0x00000000100063a8       0x1c CMakeFiles/main.dir/home/ghost/pico/pico-sdk/lib/tinyusb/src/class/cdc/cdc_device.c.obj
                0x00000000100063a8                tud_cdc_n_write_available
 .text.cdcd_init
                0x00000000100063c4       0xbc CMakeFiles/main.dir/home/ghost/pico/pico-sdk/lib/tinyusb/src/class/cdc/cdc_device.c.obj
                0x00000000100063c4                cdcd_init
 .text.cdcd_reset
                0x0000000010006480       0x44 CMakeFiles/main.dir/home/ghost/pico/pico-sdk/lib/tinyusb/src/class/cdc/cdc_device.c.obj
                0x0000000010006480                cdcd_reset
 .text.cdcd_open
                0x00000000100064c4       0xcc CMakeFiles/main.dir/home/ghost/pico/pico-sdk/lib/tinyusb/src/class/cdc/cdc_device.c.obj
                0x00000000100064c4                cdcd_open
 .text.cdcd_control_xfer_cb
                0x0000000010006590      0x134 CMakeFiles/main.dir/home/ghost/pico/pico-sdk/lib/tinyusb/src/class/cdc/cdc_device.c.obj
                0x0000000010006590                cdcd_control_xfer_cb
 .text.cdcd_xfer_cb
                0x00000000100066c4      0x130 CMakeFiles/main.dir/home/ghost/pico/pico-sdk/lib/tinyusb/src/class/cdc/cdc_device.c.obj
                0x00000000100066c4                cdcd_xfer_cb
 .text.tusb_init
                0x00000000100067f4        0xa CMakeFiles/main.dir/home/ghost/pico/pico-sdk/lib/tinyusb/src/tusb.c.obj
                0x00000000100067f4                tusb_init
 .text.tusb_inited
                0x00000000100067fe        0xe CMakeFiles/main.dir/home/ghost/pico/pico-sdk/lib/tinyusb/src/tusb.c.obj
                0x00000000100067fe                tusb_inited
 .text.tu_edpt_claim
                0x000000001000680c       0x50 CMakeFiles/main.dir/home/ghost/pico/pico-sdk/lib/tinyusb/src/tusb.c.obj
                0x000000001000680c                tu_edpt_claim
 .text.tu_edpt_release
                0x000000001000685c       0x3c CMakeFiles/main.dir/home/ghost/pico/pico-sdk/lib/tinyusb/src/tusb.c.obj
                0x000000001000685c                tu_edpt_release
 .text.tu_edpt_validate
                0x0000000010006898       0x78 CMakeFiles/main.dir/home/ghost/pico/pico-sdk/lib/tinyusb/src/tusb.c.obj
                0x0000000010006898                tu_edpt_validate
 .text.tu_edpt_bind_driver
                0x0000000010006910       0x26 CMakeFiles/main.dir/home/ghost/pico/pico-sdk/lib/tinyusb/src/tusb.c.obj
                0x0000000010006910                tu_edpt_bind_driver
 .text.advance_index
                0x0000000010006936       0x1a CMakeFiles/main.dir/home/ghost/pico/pico-sdk/lib/tinyusb/src/common/tusb_fifo.c.obj
 .text._tu_fifo_peek
                0x0000000010006950       0x56 CMakeFiles/main.dir/home/ghost/pico/pico-sdk/lib/tinyusb/src/common/tusb_fifo.c.obj
 .text._ff_pull_const_addr
                0x00000000100069a6       0x4c CMakeFiles/main.dir/home/ghost/pico/pico-sdk/lib/tinyusb/src/common/tusb_fifo.c.obj
 .text._ff_pull_n
                0x00000000100069f2      0x110 CMakeFiles/main.dir/home/ghost/pico/pico-sdk/lib/tinyusb/src/common/tusb_fifo.c.obj
 .text._tu_fifo_peek_n
                0x0000000010006b02       0x6a CMakeFiles/main.dir/home/ghost/pico/pico-sdk/lib/tinyusb/src/common/tusb_fifo.c.obj
 .text._tu_fifo_read_n
                0x0000000010006b6c       0x4e CMakeFiles/main.dir/home/ghost/pico/pico-sdk/lib/tinyusb/src/common/tusb_fifo.c.obj
 .text._ff_push_const_addr
                0x0000000010006bba       0x40 CMakeFiles/main.dir/home/ghost/pico/pico-sdk/lib/tinyusb/src/common/tusb_fifo.c.obj
 .text._ff_push_n
                0x0000000010006bfa      0x10c CMakeFiles/main.dir/home/ghost/pico/pico-sdk/lib/tinyusb/src/common/tusb_fifo.c.obj
 .text._tu_fifo_write_n
                0x0000000010006d06       0xf0 CMakeFiles/main.dir/home/ghost/pico/pico-sdk/lib/tinyusb/src/common/tusb_fifo.c.obj
 .text.tu_fifo_config
                0x0000000010006df6       0x7c CMakeFiles/main.dir/home/ghost/pico/pico-sdk/lib/tinyusb/src/common/tusb_fifo.c.obj
                0x0000000010006df6                tu_fifo_config
 .text.tu_fifo_count
                0x0000000010006e72       0x2a CMakeFiles/main.dir/home/ghost/pico/pico-sdk/lib/tinyusb/src/common/tusb_fifo.c.obj
                0x0000000010006e72                tu_fifo_count
 .text.tu_fifo_empty
                0x0000000010006e9c       0x10 CMakeFiles/main.dir/home/ghost/pico/pico-sdk/lib/tinyusb/src/common/tusb_fifo.c.obj
                0x0000000010006e9c                tu_fifo_empty
 .text.tu_fifo_full
                0x0000000010006eac       0x28 CMakeFiles/main.dir/home/ghost/pico/pico-sdk/lib/tinyusb/src/common/tusb_fifo.c.obj
                0x0000000010006eac                tu_fifo_full
 .text.tu_fifo_remaining
                0x0000000010006ed4       0x2c CMakeFiles/main.dir/home/ghost/pico/pico-sdk/lib/tinyusb/src/common/tusb_fifo.c.obj
                0x0000000010006ed4                tu_fifo_remaining
 .text.tu_fifo_read
                0x0000000010006f00       0x42 CMakeFiles/main.dir/home/ghost/pico/pico-sdk/lib/tinyusb/src/common/tusb_fifo.c.obj
                0x0000000010006f00                tu_fifo_read
 .text.tu_fifo_read_n
                0x0000000010006f42        0xa CMakeFiles/main.dir/home/ghost/pico/pico-sdk/lib/tinyusb/src/common/tusb_fifo.c.obj
                0x0000000010006f42                tu_fifo_read_n
 .text.tu_fifo_write
                0x0000000010006f4c       0x64 CMakeFiles/main.dir/home/ghost/pico/pico-sdk/lib/tinyusb/src/common/tusb_fifo.c.obj
                0x0000000010006f4c                tu_fifo_write
 .text.tu_fifo_write_n
                0x0000000010006fb0        0xa CMakeFiles/main.dir/home/ghost/pico/pico-sdk/lib/tinyusb/src/common/tusb_fifo.c.obj
                0x0000000010006fb0                tu_fifo_write_n
 .text.tu_fifo_clear
                0x0000000010006fba       0x3e CMakeFiles/main.dir/home/ghost/pico/pico-sdk/lib/tinyusb/src/common/tusb_fifo.c.obj
                0x0000000010006fba                tu_fifo_clear
 .text.tu_fifo_set_overwritable
                0x0000000010006ff8       0x46 CMakeFiles/main.dir/home/ghost/pico/pico-sdk/lib/tinyusb/src/common/tusb_fifo.c.obj
                0x0000000010006ff8                tu_fifo_set_overwritable
 .text.spi_set_baudrate
                0x000000001000703e       0x92 CMakeFiles/main.dir/home/ghost/pico/pico-sdk/src/rp2_common/hardware_spi/spi.c.obj
                0x000000001000703e                spi_set_baudrate
 .text.spi_init
                0x00000000100070d0       0x68 CMakeFiles/main.dir/home/ghost/pico/pico-sdk/src/rp2_common/hardware_spi/spi.c.obj
                0x00000000100070d0                spi_init
 .text.i2c_set_baudrate
                0x0000000010007138       0xf0 CMakeFiles/main.dir/home/ghost/pico/pico-sdk/src/rp2_common/hardware_i2c/i2c.c.obj
                0x0000000010007138                i2c_set_baudrate
 .text.i2c_init
                0x0000000010007228       0x58 CMakeFiles/main.dir/home/ghost/pico/pico-sdk/src/rp2_common/hardware_i2c/i2c.c.obj
                0x0000000010007228                i2c_init
 .text.handleUpButton
                0x0000000010007280       0x18 examples/libexamples.a(OLED_1in3_C_test.c.obj)
                0x0000000010007280                handleUpButton
 .text.handleDownButton
                0x0000000010007298       0x18 examples/libexamples.a(OLED_1in3_C_test.c.obj)
                0x0000000010007298                handleDownButton
 .text.OLED_1in3_C_test
                0x00000000100072b0      0x368 examples/libexamples.a(OLED_1in3_C_test.c.obj)
                0x00000000100072b0                OLED_1in3_C_test
 .text.reverse  0x0000000010007618       0x2a lib/OLED/libOLED.a(OLED_1in3_c.c.obj)
 *fill*         0x0000000010007642        0x2 
 .text.OLED_Reset
                0x0000000010007644       0x34 lib/OLED/libOLED.a(OLED_1in3_c.c.obj)
 .text.OLED_WriteReg
                0x0000000010007678       0x30 lib/OLED/libOLED.a(OLED_1in3_c.c.obj)
 .text.OLED_InitReg
                0x00000000100076a8       0x9a lib/OLED/libOLED.a(OLED_1in3_c.c.obj)
 *fill*         0x0000000010007742        0x2 
 .text.OLED_WriteData
                0x0000000010007744       0x30 lib/OLED/libOLED.a(OLED_1in3_c.c.obj)
 .text.OLED_1in3_C_Init
                0x0000000010007774       0x18 lib/OLED/libOLED.a(OLED_1in3_c.c.obj)
                0x0000000010007774                OLED_1in3_C_Init
 .text.OLED_1in3_C_Clear
                0x000000001000778c       0x40 lib/OLED/libOLED.a(OLED_1in3_c.c.obj)
                0x000000001000778c                OLED_1in3_C_Clear
 .text.OLED_1in3_C_Display
                0x00000000100077cc       0x4a lib/OLED/libOLED.a(OLED_1in3_c.c.obj)
                0x00000000100077cc                OLED_1in3_C_Display
 *fill*         0x0000000010007816        0x2 
 .text.Paint_NewImage
                0x0000000010007818       0x4c lib/GUI/libGUI.a(GUI_Paint.c.obj)
                0x0000000010007818                Paint_NewImage
 .text.Paint_SelectImage
                0x0000000010007864        0xc lib/GUI/libGUI.a(GUI_Paint.c.obj)
                0x0000000010007864                Paint_SelectImage
 .text.Paint_SetPixel
                0x0000000010007870      0x164 lib/GUI/libGUI.a(GUI_Paint.c.obj)
                0x0000000010007870                Paint_SetPixel
 .text.Paint_Clear
                0x00000000100079d4       0xb0 lib/GUI/libGUI.a(GUI_Paint.c.obj)
                0x00000000100079d4                Paint_Clear
 .text.Paint_DrawPoint
                0x0000000010007a84       0xe0 lib/GUI/libGUI.a(GUI_Paint.c.obj)
                0x0000000010007a84                Paint_DrawPoint
 .text.Paint_DrawLine
                0x0000000010007b64      0x12c lib/GUI/libGUI.a(GUI_Paint.c.obj)
                0x0000000010007b64                Paint_DrawLine
 .text.Paint_DrawRectangle
                0x0000000010007c90       0xd0 lib/GUI/libGUI.a(GUI_Paint.c.obj)
                0x0000000010007c90                Paint_DrawRectangle
 .text.Paint_DrawChar
                0x0000000010007d60       0xe8 lib/GUI/libGUI.a(GUI_Paint.c.obj)
                0x0000000010007d60                Paint_DrawChar
 .text.Paint_DrawString_EN
                0x0000000010007e48       0x88 lib/GUI/libGUI.a(GUI_Paint.c.obj)
                0x0000000010007e48                Paint_DrawString_EN
 .text.Paint_BmpWindows
                0x0000000010007ed0       0x78 lib/GUI/libGUI.a(GUI_Paint.c.obj)
                0x0000000010007ed0                Paint_BmpWindows
 .text.DEV_Digital_Write
                0x0000000010007f48       0x18 lib/Config/libConfig.a(DEV_Config.c.obj)
                0x0000000010007f48                DEV_Digital_Write
 .text.DEV_Digital_Read
                0x0000000010007f60        0xe lib/Config/libConfig.a(DEV_Config.c.obj)
                0x0000000010007f60                DEV_Digital_Read
 *fill*         0x0000000010007f6e        0x2 
 .text.DEV_SPI_WriteByte
                0x0000000010007f70       0x1c lib/Config/libConfig.a(DEV_Config.c.obj)
                0x0000000010007f70                DEV_SPI_WriteByte
 .text.DEV_GPIO_Mode
                0x0000000010007f8c       0x26 lib/Config/libConfig.a(DEV_Config.c.obj)
                0x0000000010007f8c                DEV_GPIO_Mode
 .text.DEV_Delay_ms
                0x0000000010007fb2        0x8 lib/Config/libConfig.a(DEV_Config.c.obj)
                0x0000000010007fb2                DEV_Delay_ms
 *fill*         0x0000000010007fba        0x2 
 .text.DEV_GPIO_Init
                0x0000000010007fbc       0x64 lib/Config/libConfig.a(DEV_Config.c.obj)
                0x0000000010007fbc                DEV_GPIO_Init
 .text.DEV_Module_Init
                0x0000000010008020      0x144 lib/Config/libConfig.a(DEV_Config.c.obj)
                0x0000000010008020                DEV_Module_Init
 .text          0x0000000010008164       0x28 /usr/lib/gcc/arm-none-eabi/10.3.1/../../../arm-none-eabi/lib/thumb/v6-m/nofp/libg.a(lib_a-malloc.o)
                0x0000000010008164                malloc
                0x0000000010008178                free
 .text          0x000000001000818c      0x574 /usr/lib/gcc/arm-none-eabi/10.3.1/../../../arm-none-eabi/lib/thumb/v6-m/nofp/libg.a(lib_a-mallocr.o)
                0x000000001000818c                _malloc_r
 .text          0x0000000010008700        0x8 /usr/lib/gcc/arm-none-eabi/10.3.1/../../../arm-none-eabi/lib/thumb/v6-m/nofp/libg.a(lib_a-mlock.o)
                0x0000000010008700                __malloc_lock
                0x0000000010008704                __malloc_unlock
 .text          0x0000000010008708       0x24 /usr/lib/gcc/arm-none-eabi/10.3.1/../../../arm-none-eabi/lib/thumb/v6-m/nofp/libg.a(lib_a-sbrkr.o)
                0x0000000010008708                _sbrk_r
 .text          0x000000001000872c       0x5c /usr/lib/gcc/arm-none-eabi/10.3.1/../../../arm-none-eabi/lib/thumb/v6-m/nofp/libg.a(lib_a-strlen-stub.o)
                0x000000001000872c                strlen
 .text          0x0000000010008788      0x260 /usr/lib/gcc/arm-none-eabi/10.3.1/../../../arm-none-eabi/lib/thumb/v6-m/nofp/libg.a(lib_a-freer.o)
                0x0000000010008788                _malloc_trim_r
                0x0000000010008824                _free_r
 *(.fini)
 .fini          0x00000000100089e8        0x4 /usr/lib/gcc/arm-none-eabi/10.3.1/thumb/v6-m/nofp/crti.o
                0x00000000100089e8                _fini
 *fill*         0x00000000100089ec        0x4 
 .fini.__stub   0x00000000100089f0       0xf0 linker stubs
 *crtbegin.o(.ctors)
 *crtbegin?.o(.ctors)
 *(EXCLUDE_FILE(*crtend.o *crtend?.o) .ctors)
 *(SORT_BY_NAME(.ctors.*))
 *(.ctors)
 *crtbegin.o(.dtors)
 *crtbegin?.o(.dtors)
 *(EXCLUDE_FILE(*crtend.o *crtend?.o) .dtors)
 *(SORT_BY_NAME(.dtors.*))
 *(.dtors)
 *(.eh_frame*)
 .eh_frame      0x0000000010008ae0        0x0 /usr/lib/gcc/arm-none-eabi/10.3.1/thumb/v6-m/nofp/crtbegin.o
                0x0000000010008ae0                . = ALIGN (0x4)

.glue_7         0x0000000010008ae0        0x0
 .glue_7        0x0000000010008ae0        0x0 linker stubs

.glue_7t        0x0000000010008ae0        0x0
 .glue_7t       0x0000000010008ae0        0x0 linker stubs

.vfp11_veneer   0x0000000010008ae0        0x0
 .vfp11_veneer  0x0000000010008ae0        0x0 linker stubs

.v4_bx          0x0000000010008ae0        0x0
 .v4_bx         0x0000000010008ae0        0x0 linker stubs

.iplt           0x0000000010008ae0        0x0
 .iplt          0x0000000010008ae0        0x0 /usr/lib/gcc/arm-none-eabi/10.3.1/thumb/v6-m/nofp/crtbegin.o

.rodata         0x0000000010008ae0     0x1c1c
 *(EXCLUDE_FILE(*libm.a: *libc.a:*lib_a-mem*.o *libgcc.a:) .rodata*)
 .rodata.spin_lock_claim_unused.str1.4
                0x0000000010008ae0       0x1b CMakeFiles/main.dir/home/ghost/pico/pico-sdk/src/rp2_common/hardware_sync/sync.c.obj
 *fill*         0x0000000010008afb        0x1 
 .rodata.make_branch.str1.4
                0x0000000010008afc       0x6c CMakeFiles/main.dir/home/ghost/pico/pico-sdk/src/rp2_common/hardware_irq/irq.c.obj
 .rodata.insert_branch_and_link.str1.4
                0x0000000010008b68       0x10 CMakeFiles/main.dir/home/ghost/pico/pico-sdk/src/rp2_common/hardware_irq/irq.c.obj
 .rodata.irq_set_exclusive_handler.str1.4
                0x0000000010008b78       0x36 CMakeFiles/main.dir/home/ghost/pico/pico-sdk/src/rp2_common/hardware_irq/irq.c.obj
 *fill*         0x0000000010008bae        0x2 
 .rodata.irq_add_shared_handler.str1.4
                0x0000000010008bb0       0xd9 CMakeFiles/main.dir/home/ghost/pico/pico-sdk/src/rp2_common/hardware_irq/irq.c.obj
 *fill*         0x0000000010008c89        0x3 
 .rodata.irq_remove_handler.str1.4
                0x0000000010008c8c       0x3a CMakeFiles/main.dir/home/ghost/pico/pico-sdk/src/rp2_common/hardware_irq/irq.c.obj
 *fill*         0x0000000010008cc6        0x2 
 .rodata.irq_add_tail_to_free_list.str1.4
                0x0000000010008cc8       0x3a CMakeFiles/main.dir/home/ghost/pico/pico-sdk/src/rp2_common/hardware_irq/irq.c.obj
 *fill*         0x0000000010008d02        0x2 
 .rodata.user_irq_claim_unused.str1.4
                0x0000000010008d04       0x1b CMakeFiles/main.dir/home/ghost/pico/pico-sdk/src/rp2_common/hardware_irq/irq.c.obj
 *fill*         0x0000000010008d1f        0x1 
 .rodata.__func__.0
                0x0000000010008d20       0x1a CMakeFiles/main.dir/home/ghost/pico/pico-sdk/src/rp2_common/hardware_irq/irq.c.obj
 *fill*         0x0000000010008d3a        0x2 
 .rodata.__func__.1
                0x0000000010008d3c       0x17 CMakeFiles/main.dir/home/ghost/pico/pico-sdk/src/rp2_common/hardware_irq/irq.c.obj
 *fill*         0x0000000010008d53        0x1 
 .rodata.__func__.2
                0x0000000010008d54       0x13 CMakeFiles/main.dir/home/ghost/pico/pico-sdk/src/rp2_common/hardware_irq/irq.c.obj
 *fill*         0x0000000010008d67        0x1 
 .rodata.__func__.3
                0x0000000010008d68        0xc CMakeFiles/main.dir/home/ghost/pico/pico-sdk/src/rp2_common/hardware_irq/irq.c.obj
 .rodata.__func__.4
                0x0000000010008d74        0xf CMakeFiles/main.dir/home/ghost/pico/pico-sdk/src/rp2_common/hardware_irq/irq.c.obj
 *fill*         0x0000000010008d83        0x1 
 .rodata.__func__.5
                0x0000000010008d84       0x17 CMakeFiles/main.dir/home/ghost/pico/pico-sdk/src/rp2_common/hardware_irq/irq.c.obj
 *fill*         0x0000000010008d9b        0x1 
 .rodata.__func__.6
                0x0000000010008d9c       0x1a CMakeFiles/main.dir/home/ghost/pico/pico-sdk/src/rp2_common/hardware_irq/irq.c.obj
 *fill*         0x0000000010008db6        0x2 
 .rodata.str1.4
                0x0000000010008db8       0xe9 CMakeFiles/main.dir/home/ghost/pico/pico-sdk/src/common/pico_sync/mutex.c.obj
 *fill*         0x0000000010008ea1        0x3 
 .rodata.__func__.1
                0x0000000010008ea4        0xb CMakeFiles/main.dir/home/ghost/pico/pico-sdk/src/common/pico_sync/mutex.c.obj
 *fill*         0x0000000010008eaf        0x1 
 .rodata.__func__.3
                0x0000000010008eb0       0x18 CMakeFiles/main.dir/home/ghost/pico/pico-sdk/src/common/pico_sync/mutex.c.obj
 .rodata.__func__.4
                0x0000000010008ec8       0x15 CMakeFiles/main.dir/home/ghost/pico/pico-sdk/src/common/pico_sync/mutex.c.obj
 *fill*         0x0000000010008edd        0x3 
 .rodata.repeating_timer_callback.str1.4
                0x0000000010008ee0       0x4a CMakeFiles/main.dir/home/ghost/pico/pico-sdk/src/common/pico_time/time.c.obj
 *fill*         0x0000000010008f2a        0x2 
 .rodata.timer_pool_entry_comparator.str1.4
                0x0000000010008f2c       0x22 CMakeFiles/main.dir/home/ghost/pico/pico-sdk/src/common/pico_time/time.c.obj
 *fill*         0x0000000010008f4e        0x2 
 .rodata.ph_add_child_node.str1.4
                0x0000000010008f50       0x96 CMakeFiles/main.dir/home/ghost/pico/pico-sdk/src/common/pico_time/time.c.obj
 *fill*         0x0000000010008fe6        0x2 
 .rodata.add_alarm_under_lock.str1.4
                0x0000000010008fe8       0x28 CMakeFiles/main.dir/home/ghost/pico/pico-sdk/src/common/pico_time/time.c.obj
                                         0x2b (size before relaxing)
 .rodata.alarm_pool_alarm_callback.str1.4
                0x0000000010009010       0x98 CMakeFiles/main.dir/home/ghost/pico/pico-sdk/src/common/pico_time/time.c.obj
                                         0xf8 (size before relaxing)
 .rodata.alarm_pool_get_default.str1.4
                0x00000000100090a8       0x21 CMakeFiles/main.dir/home/ghost/pico/pico-sdk/src/common/pico_time/time.c.obj
 *fill*         0x00000000100090c9        0x3 
 .rodata.alarm_pool_cancel_alarm.str1.4
                0x00000000100090cc       0x27 CMakeFiles/main.dir/home/ghost/pico/pico-sdk/src/common/pico_time/time.c.obj
 *fill*         0x00000000100090f3        0x1 
 .rodata.sleep_until.str1.4
                0x00000000100090f4       0x4d CMakeFiles/main.dir/home/ghost/pico/pico-sdk/src/common/pico_time/time.c.obj
 *fill*         0x0000000010009141        0x3 
 .rodata.__func__.1
                0x0000000010009144       0x18 CMakeFiles/main.dir/home/ghost/pico/pico-sdk/src/common/pico_time/time.c.obj
 .rodata.__func__.10
                0x000000001000915c       0x15 CMakeFiles/main.dir/home/ghost/pico/pico-sdk/src/common/pico_time/time.c.obj
 *fill*         0x0000000010009171        0x3 
 .rodata.__func__.11
                0x0000000010009174       0x1a CMakeFiles/main.dir/home/ghost/pico/pico-sdk/src/common/pico_time/time.c.obj
 *fill*         0x000000001000918e        0x2 
 .rodata.__func__.12
                0x0000000010009190        0xa CMakeFiles/main.dir/home/ghost/pico/pico-sdk/src/common/pico_time/time.c.obj
 *fill*         0x000000001000919a        0x2 
 .rodata.__func__.3
                0x000000001000919c       0x17 CMakeFiles/main.dir/home/ghost/pico/pico-sdk/src/common/pico_time/time.c.obj
 *fill*         0x00000000100091b3        0x1 
 .rodata.__func__.4
                0x00000000100091b4       0x12 CMakeFiles/main.dir/home/ghost/pico/pico-sdk/src/common/pico_time/time.c.obj
 *fill*         0x00000000100091c6        0x2 
 .rodata.__func__.5
                0x00000000100091c8        0xd CMakeFiles/main.dir/home/ghost/pico/pico-sdk/src/common/pico_time/time.c.obj
 *fill*         0x00000000100091d5        0x3 
 .rodata.__func__.6
                0x00000000100091d8       0x12 CMakeFiles/main.dir/home/ghost/pico/pico-sdk/src/common/pico_time/time.c.obj
 *fill*         0x00000000100091ea        0x2 
 .rodata.__func__.7
                0x00000000100091ec        0xf CMakeFiles/main.dir/home/ghost/pico/pico-sdk/src/common/pico_time/time.c.obj
 *fill*         0x00000000100091fb        0x1 
 .rodata.__func__.8
                0x00000000100091fc        0xc CMakeFiles/main.dir/home/ghost/pico/pico-sdk/src/common/pico_time/time.c.obj
 .rodata.__func__.9
                0x0000000010009208       0x15 CMakeFiles/main.dir/home/ghost/pico/pico-sdk/src/common/pico_time/time.c.obj
 *fill*         0x000000001000921d        0x3 
 .rodata.hardware_alarm_claim.str1.4
                0x0000000010009220       0x22 CMakeFiles/main.dir/home/ghost/pico/pico-sdk/src/rp2_common/hardware_timer/timer.c.obj
 *fill*         0x0000000010009242        0x2 
 .rodata.hardware_alarm_set_target.str1.4
                0x0000000010009244       0x64 CMakeFiles/main.dir/home/ghost/pico/pico-sdk/src/rp2_common/hardware_timer/timer.c.obj
 .rodata.__func__.0
                0x00000000100092a8       0x1a CMakeFiles/main.dir/home/ghost/pico/pico-sdk/src/rp2_common/hardware_timer/timer.c.obj
 .rodata.ph_add_child_node.str1.4
                0x00000000100092c2       0x96 CMakeFiles/main.dir/home/ghost/pico/pico-sdk/src/common/pico_util/pheap.c.obj
 *fill*         0x00000000100092c2        0x2 
 .rodata.ph_remove_any_head.str1.4
                0x00000000100092c4       0x8c CMakeFiles/main.dir/home/ghost/pico/pico-sdk/src/common/pico_util/pheap.c.obj
                                         0xa0 (size before relaxing)
 .rodata.ph_remove_and_free_node.str1.4
                0x0000000010009350       0x1e CMakeFiles/main.dir/home/ghost/pico/pico-sdk/src/common/pico_util/pheap.c.obj
                                         0x26 (size before relaxing)
 *fill*         0x000000001000936e        0x2 
 .rodata.__func__.0
                0x0000000010009370       0x18 CMakeFiles/main.dir/home/ghost/pico/pico-sdk/src/common/pico_util/pheap.c.obj
 .rodata.__func__.1
                0x0000000010009388       0x13 CMakeFiles/main.dir/home/ghost/pico/pico-sdk/src/common/pico_util/pheap.c.obj
 *fill*         0x000000001000939b        0x1 
 .rodata.__func__.2
                0x000000001000939c       0x12 CMakeFiles/main.dir/home/ghost/pico/pico-sdk/src/common/pico_util/pheap.c.obj
 *fill*         0x00000000100093ae        0x2 
 .rodata.__func__.3
                0x00000000100093b0        0xc CMakeFiles/main.dir/home/ghost/pico/pico-sdk/src/common/pico_util/pheap.c.obj
 .rodata.clock_configure.str1.4
                0x00000000100093bc       0x56 CMakeFiles/main.dir/home/ghost/pico/pico-sdk/src/rp2_common/hardware_clocks/clocks.c.obj
 *fill*         0x0000000010009412        0x2 
 .rodata.__func__.1
                0x0000000010009414       0x10 CMakeFiles/main.dir/home/ghost/pico/pico-sdk/src/rp2_common/hardware_clocks/clocks.c.obj
 .rodata.pll_init.str1.4
                0x0000000010009424      0x11f CMakeFiles/main.dir/home/ghost/pico/pico-sdk/src/rp2_common/hardware_pll/pll.c.obj
 *fill*         0x0000000010009543        0x1 
 .rodata.__func__.0
                0x0000000010009544        0x9 CMakeFiles/main.dir/home/ghost/pico/pico-sdk/src/rp2_common/hardware_pll/pll.c.obj
 *fill*         0x000000001000954d        0x3 
 .rodata.__assert_func.str1.4
                0x0000000010009550       0x3f CMakeFiles/main.dir/home/ghost/pico/pico-sdk/src/rp2_common/pico_runtime/runtime.c.obj
                                         0x43 (size before relaxing)
 *fill*         0x000000001000958f        0x1 
 .rodata.runtime_init.str1.4
                0x0000000010009590       0x60 CMakeFiles/main.dir/home/ghost/pico/pico-sdk/src/rp2_common/pico_runtime/runtime.c.obj
 .rodata.panic.str1.4
                0x00000000100095f0       0x12 CMakeFiles/main.dir/home/ghost/pico/pico-sdk/src/rp2_common/pico_runtime/runtime.c.obj
 *fill*         0x0000000010009602        0x2 
 .rodata.__func__.2
                0x0000000010009604        0xd CMakeFiles/main.dir/home/ghost/pico/pico-sdk/src/rp2_common/pico_runtime/runtime.c.obj
 *fill*         0x0000000010009611        0x3 
 .rodata._ftoa.str1.4
                0x0000000010009614       0x15 CMakeFiles/main.dir/home/ghost/pico/pico-sdk/src/rp2_common/pico_printf/printf.c.obj
 *fill*         0x0000000010009629        0x3 
 .rodata._vsnprintf
                0x000000001000962c      0x1e0 CMakeFiles/main.dir/home/ghost/pico/pico-sdk/src/rp2_common/pico_printf/printf.c.obj
 *fill*         0x000000001000980c        0x4 
 .rodata.pow10.0
                0x0000000010009810       0x50 CMakeFiles/main.dir/home/ghost/pico/pico-sdk/src/rp2_common/pico_printf/printf.c.obj
 .rodata.__aeabi_double_init.str1.4
                0x0000000010009860       0xa7 CMakeFiles/main.dir/home/ghost/pico/pico-sdk/src/rp2_common/pico_double/double_init_rom.c.obj
 *fill*         0x0000000010009907        0x1 
 .rodata.__func__.0
                0x0000000010009908       0x14 CMakeFiles/main.dir/home/ghost/pico/pico-sdk/src/rp2_common/pico_double/double_init_rom.c.obj
 .rodata.__aeabi_float_init.str1.4
                0x000000001000991c       0x79 CMakeFiles/main.dir/home/ghost/pico/pico-sdk/src/rp2_common/pico_float/float_init_rom.c.obj
                                         0x7d (size before relaxing)
 *fill*         0x0000000010009995        0x3 
 .rodata.__func__.0
                0x0000000010009998       0x13 CMakeFiles/main.dir/home/ghost/pico/pico-sdk/src/rp2_common/pico_float/float_init_rom.c.obj
 *fill*         0x00000000100099ab        0x1 
 .rodata.__wrap_malloc.str1.4
                0x00000000100099ac        0xe CMakeFiles/main.dir/home/ghost/pico/pico-sdk/src/rp2_common/pico_malloc/pico_malloc.c.obj
 *fill*         0x00000000100099ba        0x2 
 .rodata.str1.4
                0x00000000100099bc       0x3c CMakeFiles/main.dir/home/ghost/pico/pico-sdk/src/rp2_common/pico_standard_link/binary_info.c.obj
 .rodata.__bi_44
                0x00000000100099f8        0xc CMakeFiles/main.dir/home/ghost/pico/pico-sdk/src/rp2_common/pico_standard_link/binary_info.c.obj
 .rodata.__bi_75
                0x0000000010009a04        0xc CMakeFiles/main.dir/home/ghost/pico/pico-sdk/src/rp2_common/pico_standard_link/binary_info.c.obj
 .rodata.__bi_81
                0x0000000010009a10        0xc CMakeFiles/main.dir/home/ghost/pico/pico-sdk/src/rp2_common/pico_standard_link/binary_info.c.obj
 .rodata.stdout_serialize_begin.str1.4
                0x0000000010009a1c       0x60 CMakeFiles/main.dir/home/ghost/pico/pico-sdk/src/rp2_common/pico_stdio/stdio.c.obj
 .rodata.__func__.3
                0x0000000010009a1c       0x15 CMakeFiles/main.dir/home/ghost/pico/pico-sdk/src/rp2_common/pico_stdio/stdio.c.obj
 *fill*         0x0000000010009a31        0x3 
 .rodata.crlf_str.2
                0x0000000010009a34        0x2 CMakeFiles/main.dir/home/ghost/pico/pico-sdk/src/rp2_common/pico_stdio/stdio.c.obj
 *fill*         0x0000000010009a36        0x2 
 .rodata.str1.4
                0x0000000010009a38       0x2c CMakeFiles/main.dir/home/ghost/pico/pico-sdk/src/rp2_common/pico_stdio_uart/stdio_uart.c.obj
 .rodata.__bi_33.4
                0x0000000010009a64        0xc CMakeFiles/main.dir/home/ghost/pico/pico-sdk/src/rp2_common/pico_stdio_uart/stdio_uart.c.obj
 .rodata.__bi_34.5
                0x0000000010009a70        0x8 CMakeFiles/main.dir/home/ghost/pico/pico-sdk/src/rp2_common/pico_stdio_uart/stdio_uart.c.obj
 .rodata._resetd_driver
                0x0000000010009a78       0x18 CMakeFiles/main.dir/home/ghost/pico/pico-sdk/src/rp2_common/pico_stdio_usb/reset_interface.c.obj
 .rodata.low_priority_worker_irq.str1.4
                0x0000000010009a90       0x60 CMakeFiles/main.dir/home/ghost/pico/pico-sdk/src/rp2_common/pico_stdio_usb/stdio_usb.c.obj
 .rodata.stdio_usb_init.str1.4
                0x0000000010009a90       0x44 CMakeFiles/main.dir/home/ghost/pico/pico-sdk/src/rp2_common/pico_stdio_usb/stdio_usb.c.obj
                                         0x4c (size before relaxing)
 .rodata.str1.4
                0x0000000010009ad4       0x13 CMakeFiles/main.dir/home/ghost/pico/pico-sdk/src/rp2_common/pico_stdio_usb/stdio_usb.c.obj
 *fill*         0x0000000010009ae7        0x1 
 .rodata.__bi_188.0
                0x0000000010009ae8        0xc CMakeFiles/main.dir/home/ghost/pico/pico-sdk/src/rp2_common/pico_stdio_usb/stdio_usb.c.obj
 .rodata.__func__.1
                0x0000000010009af4        0xf CMakeFiles/main.dir/home/ghost/pico/pico-sdk/src/rp2_common/pico_stdio_usb/stdio_usb.c.obj
 *fill*         0x0000000010009b03        0x1 
 .rodata.__func__.3
                0x0000000010009b04       0x15 CMakeFiles/main.dir/home/ghost/pico/pico-sdk/src/rp2_common/pico_stdio_usb/stdio_usb.c.obj
 *fill*         0x0000000010009b19        0x3 
 .rodata.str1.4
                0x0000000010009b1c       0x2a CMakeFiles/main.dir/home/ghost/pico/pico-sdk/src/rp2_common/pico_stdio_usb/stdio_usb_descriptors.c.obj
 *fill*         0x0000000010009b46        0x2 
 .rodata.usbd_desc_cfg
                0x0000000010009b48       0x54 CMakeFiles/main.dir/home/ghost/pico/pico-sdk/src/rp2_common/pico_stdio_usb/stdio_usb_descriptors.c.obj
 .rodata.usbd_desc_device
                0x0000000010009b9c       0x12 CMakeFiles/main.dir/home/ghost/pico/pico-sdk/src/rp2_common/pico_stdio_usb/stdio_usb_descriptors.c.obj
 *fill*         0x0000000010009bae        0x2 
 .rodata.usbd_desc_str
                0x0000000010009bb0       0x18 CMakeFiles/main.dir/home/ghost/pico/pico-sdk/src/rp2_common/pico_stdio_usb/stdio_usb_descriptors.c.obj
 .rodata.pico_get_unique_board_id_string.str1.4
                0x0000000010009bc8       0x4c CMakeFiles/main.dir/home/ghost/pico/pico-sdk/src/rp2_common/pico_unique_id/unique_id.c.obj
 .rodata.__func__.0
                0x0000000010009c14       0x20 CMakeFiles/main.dir/home/ghost/pico/pico-sdk/src/rp2_common/pico_unique_id/unique_id.c.obj
 .rodata.str1.4
                0x0000000010009c34      0x156 CMakeFiles/main.dir/home/ghost/pico/pico-sdk/src/rp2_common/hardware_flash/flash.c.obj
 *fill*         0x0000000010009d8a        0x2 
 .rodata.__func__.0
                0x0000000010009d8c        0xd CMakeFiles/main.dir/home/ghost/pico/pico-sdk/src/rp2_common/hardware_flash/flash.c.obj
 *fill*         0x0000000010009d99        0x3 
 .rodata._hw_endpoint_alloc.str1.4
                0x0000000010009d9c       0xb5 CMakeFiles/main.dir/home/ghost/pico/pico-sdk/lib/tinyusb/src/portable/raspberrypi/rp2040/dcd_rp2040.c.obj
 *fill*         0x0000000010009e51        0x3 
 .rodata.str1.4
                0x0000000010009e54       0x14 CMakeFiles/main.dir/home/ghost/pico/pico-sdk/lib/tinyusb/src/portable/raspberrypi/rp2040/dcd_rp2040.c.obj
 .rodata.dcd_int_enable.str1.4
                0x0000000010009e68        0xc CMakeFiles/main.dir/home/ghost/pico/pico-sdk/lib/tinyusb/src/portable/raspberrypi/rp2040/dcd_rp2040.c.obj
 .rodata.__func__.0
                0x0000000010009e74        0xe CMakeFiles/main.dir/home/ghost/pico/pico-sdk/lib/tinyusb/src/portable/raspberrypi/rp2040/dcd_rp2040.c.obj
 *fill*         0x0000000010009e82        0x2 
 .rodata.__func__.1
                0x0000000010009e84        0xe CMakeFiles/main.dir/home/ghost/pico/pico-sdk/lib/tinyusb/src/portable/raspberrypi/rp2040/dcd_rp2040.c.obj
 *fill*         0x0000000010009e92        0x2 
 .rodata.__func__.3
                0x0000000010009e94       0x10 CMakeFiles/main.dir/home/ghost/pico/pico-sdk/lib/tinyusb/src/portable/raspberrypi/rp2040/dcd_rp2040.c.obj
 .rodata.__func__.5
                0x0000000010009ea4        0xf CMakeFiles/main.dir/home/ghost/pico/pico-sdk/lib/tinyusb/src/portable/raspberrypi/rp2040/dcd_rp2040.c.obj
 *fill*         0x0000000010009eb3        0x1 
 .rodata.__func__.6
                0x0000000010009eb4       0x13 CMakeFiles/main.dir/home/ghost/pico/pico-sdk/lib/tinyusb/src/portable/raspberrypi/rp2040/dcd_rp2040.c.obj
 *fill*         0x0000000010009ec7        0x1 
 .rodata.__func__.7
                0x0000000010009ec8        0x9 CMakeFiles/main.dir/home/ghost/pico/pico-sdk/lib/tinyusb/src/portable/raspberrypi/rp2040/dcd_rp2040.c.obj
 *fill*         0x0000000010009ed1        0x3 
 .rodata.str1.4
                0x0000000010009ed4       0xdd CMakeFiles/main.dir/home/ghost/pico/pico-sdk/lib/tinyusb/src/portable/raspberrypi/rp2040/rp2040_usb.c.obj
                                         0xe7 (size before relaxing)
 *fill*         0x0000000010009fb1        0x3 
 .rodata.__func__.0
                0x0000000010009fb4        0xf CMakeFiles/main.dir/home/ghost/pico/pico-sdk/lib/tinyusb/src/portable/raspberrypi/rp2040/rp2040_usb.c.obj
 *fill*         0x0000000010009fc3        0x1 
 .rodata.process_get_descriptor
                0x0000000010009fc4       0x40 CMakeFiles/main.dir/home/ghost/pico/pico-sdk/lib/tinyusb/src/device/usbd.c.obj
 .rodata.process_control_request
                0x000000001000a004       0x28 CMakeFiles/main.dir/home/ghost/pico/pico-sdk/lib/tinyusb/src/device/usbd.c.obj
 .rodata.tud_task_ext
                0x000000001000a02c       0x24 CMakeFiles/main.dir/home/ghost/pico/pico-sdk/lib/tinyusb/src/device/usbd.c.obj
 .rodata._usbd_driver
                0x000000001000a050       0x18 CMakeFiles/main.dir/home/ghost/pico/pico-sdk/lib/tinyusb/src/device/usbd.c.obj
 .rodata.i2c_set_baudrate.str1.4
                0x000000001000a068       0x5c CMakeFiles/main.dir/home/ghost/pico/pico-sdk/src/rp2_common/hardware_i2c/i2c.c.obj
 .rodata.__func__.0
                0x000000001000a0c4       0x11 CMakeFiles/main.dir/home/ghost/pico/pico-sdk/src/rp2_common/hardware_i2c/i2c.c.obj
 *fill*         0x000000001000a0d5        0x3 
 .rodata.OLED_1in3_C_test.str1.4
                0x000000001000a0d8       0xc2 examples/libexamples.a(OLED_1in3_C_test.c.obj)
 *fill*         0x000000001000a19a        0x2 
 .rodata        0x000000001000a19c       0x10 examples/libexamples.a(OLED_1in3_C_test.c.obj)
 .rodata.BL_Icon
                0x000000001000a1ac       0x3c examples/libexamples.a(ImageData.c.obj)
                0x000000001000a1ac                BL_Icon
 .rodata.Dashboard_Icon
                0x000000001000a1e8       0x3c examples/libexamples.a(ImageData.c.obj)
                0x000000001000a1e8                Dashboard_Icon
 .rodata.Paint_DrawPoint.str1.4
                0x000000001000a224       0x49 lib/GUI/libGUI.a(GUI_Paint.c.obj)
 *fill*         0x000000001000a26d        0x3 
 .rodata        0x000000001000a270      0x474 lib/Fonts/libFonts.a(font12.c.obj)
                0x000000001000a270                Font12_Table
 .rodata.DEV_Module_Init.str1.4
                0x000000001000a6e4       0x15 lib/Config/libConfig.a(DEV_Config.c.obj)
                0x000000001000a6fc                . = ALIGN (0x4)
 *fill*         0x000000001000a6f9        0x3 
 *(SORT_BY_ALIGNMENT(SORT_BY_NAME(.flashdata*)))
                0x000000001000a6fc                . = ALIGN (0x4)

.rel.dyn        0x000000001000a6fc        0x0
 .rel.iplt      0x000000001000a6fc        0x0 /usr/lib/gcc/arm-none-eabi/10.3.1/thumb/v6-m/nofp/crtbegin.o

.ARM.extab
 *(.ARM.extab* .gnu.linkonce.armextab.*)
                0x000000001000a6fc                __exidx_start = .

.ARM.exidx
 *(.ARM.exidx* .gnu.linkonce.armexidx.*)
                0x000000001000a6fc                __exidx_end = .
                0x000000001000a6fc                . = ALIGN (0x4)
                0x000000001000a6fc                __binary_info_start = .

.binary_info    0x000000001000a6fc       0x28
 *(.binary_info.keep.*)
 .binary_info.keep.__bi_ptr22
                0x000000001000a6fc        0x4 CMakeFiles/main.dir/home/ghost/pico/pico-sdk/src/rp2_common/pico_standard_link/binary_info.c.obj
 .binary_info.keep.__bi_ptr30
                0x000000001000a700        0x4 CMakeFiles/main.dir/home/ghost/pico/pico-sdk/src/rp2_common/pico_standard_link/binary_info.c.obj
 .binary_info.keep.__bi_ptr38
                0x000000001000a704        0x4 CMakeFiles/main.dir/home/ghost/pico/pico-sdk/src/rp2_common/pico_standard_link/binary_info.c.obj
 .binary_info.keep.__bi_ptr44
                0x000000001000a708        0x4 CMakeFiles/main.dir/home/ghost/pico/pico-sdk/src/rp2_common/pico_standard_link/binary_info.c.obj
 .binary_info.keep.__bi_ptr50
                0x000000001000a70c        0x4 CMakeFiles/main.dir/home/ghost/pico/pico-sdk/src/rp2_common/pico_standard_link/binary_info.c.obj
 .binary_info.keep.__bi_ptr75
                0x000000001000a710        0x4 CMakeFiles/main.dir/home/ghost/pico/pico-sdk/src/rp2_common/pico_standard_link/binary_info.c.obj
 .binary_info.keep.__bi_ptr81
                0x000000001000a714        0x4 CMakeFiles/main.dir/home/ghost/pico/pico-sdk/src/rp2_common/pico_standard_link/binary_info.c.obj
 *(.binary_info.*)
 .binary_info.__bi_ptr33
                0x000000001000a718        0x4 CMakeFiles/main.dir/home/ghost/pico/pico-sdk/src/rp2_common/pico_stdio_uart/stdio_uart.c.obj
 .binary_info.__bi_ptr34
                0x000000001000a71c        0x4 CMakeFiles/main.dir/home/ghost/pico/pico-sdk/src/rp2_common/pico_stdio_uart/stdio_uart.c.obj
 .binary_info.__bi_ptr188
                0x000000001000a720        0x4 CMakeFiles/main.dir/home/ghost/pico/pico-sdk/src/rp2_common/pico_stdio_usb/stdio_usb.c.obj
                0x000000001000a724                __binary_info_end = .
                0x000000001000a724                . = ALIGN (0x4)
                0x000000001000a724                __etext = .

.ram_vector_table
                0x0000000020000000       0xc0
 *(.ram_vector_table)
 .ram_vector_table
                0x0000000020000000       0xc0 CMakeFiles/main.dir/home/ghost/pico/pico-sdk/src/rp2_common/pico_runtime/runtime.c.obj
                0x0000000020000000                ram_vector_table

.data           0x00000000200000c0     0x1490 load address 0x000000001000a724
                0x00000000200000c0                __data_start__ = .
 *(vtable)
 *(.time_critical*)
 .time_critical.mutex_try_enter
                0x00000000200000c0       0x46 CMakeFiles/main.dir/home/ghost/pico/pico-sdk/src/common/pico_sync/mutex.c.obj
                0x00000000200000c0                mutex_try_enter
 *fill*         0x0000000020000106        0x2 
 .time_critical.mutex_enter_block_until
                0x0000000020000108       0x8c CMakeFiles/main.dir/home/ghost/pico/pico-sdk/src/common/pico_sync/mutex.c.obj
                0x0000000020000108                mutex_enter_block_until
 .time_critical.mutex_try_enter_block_until
                0x0000000020000194       0x34 CMakeFiles/main.dir/home/ghost/pico/pico-sdk/src/common/pico_sync/mutex.c.obj
                0x0000000020000194                mutex_try_enter_block_until
 .time_critical.mutex_enter_timeout_ms
                0x00000000200001c8       0x68 CMakeFiles/main.dir/home/ghost/pico/pico-sdk/src/common/pico_sync/mutex.c.obj
                0x00000000200001c8                mutex_enter_timeout_ms
 .time_critical.mutex_exit
                0x0000000020000230       0x4c CMakeFiles/main.dir/home/ghost/pico/pico-sdk/src/common/pico_sync/mutex.c.obj
                0x0000000020000230                mutex_exit
 .time_critical.flash_init_boot2_copyout
                0x000000002000027c       0x30 CMakeFiles/main.dir/home/ghost/pico/pico-sdk/src/rp2_common/hardware_flash/flash.c.obj
 .time_critical.flash_enable_xip_via_boot2
                0x00000000200002ac       0x10 CMakeFiles/main.dir/home/ghost/pico/pico-sdk/src/rp2_common/hardware_flash/flash.c.obj
 .time_critical.flash_cs_force
                0x00000000200002bc       0x28 CMakeFiles/main.dir/home/ghost/pico/pico-sdk/src/rp2_common/hardware_flash/flash.c.obj
 .time_critical.flash_do_cmd
                0x00000000200002e4       0xd8 CMakeFiles/main.dir/home/ghost/pico/pico-sdk/src/rp2_common/hardware_flash/flash.c.obj
                0x00000000200002e4                flash_do_cmd
 .time_critical.reset_non_control_endpoints
                0x00000000200003bc       0x40 CMakeFiles/main.dir/home/ghost/pico/pico-sdk/lib/tinyusb/src/portable/raspberrypi/rp2040/dcd_rp2040.c.obj
 .time_critical.hw_handle_buff_status